/Applications/STM32CubeIDE.app/Contents/Eclipse/plugins/com.st.stm32cube.ide.mcu.externaltools.gnu-tools-for-stm32.10.3-2021.10.macos64_1.0.0.202111181127/tools/arm-none-eabi/include/c++/10.3.1/arm-none-eabi/thumb/v7e-m+fp/hard/bits/gthr-default.h:229:1:int __gthread_key_delete(__gthread_key_t)	16	static
../Core/Src/main.cpp:91:5:int main()	8	static
../Core/Src/main.cpp:175:6:void SystemClock_Config()	88	static
../Core/Src/main.cpp:223:13:void MX_GPIO_Init()	40	static
../Core/Src/main.cpp:255:6:void StartDefaultTask(void*)	16	static
../Core/Src/main.cpp:275:6:void ledstatustoggle(void*)	56	static
../Core/Src/main.cpp:295:6:void usbcomunicationserial(void*)	56	static
../Core/Src/main.cpp:316:6:void HAL_TIM_PeriodElapsedCallback(TIM_HandleTypeDef*)	16	static
../Core/Src/main.cpp:333:6:void Error_Handler()	4	static,ignoring_inline_asm
../Core/Src/main.cpp:342:1:void __static_initialization_and_destruction_0(int, int)	16	static
../Core/Src/main.cpp:342:1:cpp)	8	static
