/Applications/STM32CubeIDE.app/Contents/Eclipse/plugins/com.st.stm32cube.ide.mcu.externaltools.gnu-tools-for-stm32.10.3-2021.10.macos64_1.0.0.202111181127/tools/arm-none-eabi/include/c++/10.3.1/arm-none-eabi/thumb/v7e-m+fp/hard/bits/gthr-default.h:229:1:int __gthread_key_delete(__gthread_key_t)	16	static
/Applications/STM32CubeIDE.app/Contents/Eclipse/plugins/com.st.stm32cube.ide.mcu.externaltools.gnu-tools-for-stm32.10.3-2021.10.macos64_1.0.0.202111181127/tools/arm-none-eabi/include/c++/10.3.1/bits/basic_string.h:6609:3:std::string std::__cxx11::to_string(int)	40	static
../Core/Src/main.cpp:102:5:int main()	8	static
../Core/Src/main.cpp:188:6:void SystemClock_Config()	88	static
../Core/Src/main.cpp:236:13:void MX_GPIO_Init()	40	static
../Core/Src/main.cpp:263:13:void MX_SPI1_Init()	8	static
../Core/Src/main.cpp:296:6:void gyroreadings(void*)	176	static
../Core/Src/main.cpp:336:6:void StartDefaultTask(void*)	16	static
../Core/Src/main.cpp:356:6:void ledstatustoggle(void*)	16	static
../Core/Src/main.cpp:375:6:void usbcomunicationserial(void*)	16	static
../Core/Src/main.cpp:399:6:void HAL_TIM_PeriodElapsedCallback(TIM_HandleTypeDef*)	16	static
../Core/Src/main.cpp:416:6:void Error_Handler()	4	static,ignoring_inline_asm
/Applications/STM32CubeIDE.app/Contents/Eclipse/plugins/com.st.stm32cube.ide.mcu.externaltools.gnu-tools-for-stm32.10.3-2021.10.macos64_1.0.0.202111181127/tools/arm-none-eabi/include/c++/10.3.1/bits/charconv.h:47:5:constexpr unsigned int std::__detail::__to_chars_len(_Tp, int) [with _Tp = unsigned int]	32	static
/Applications/STM32CubeIDE.app/Contents/Eclipse/plugins/com.st.stm32cube.ide.mcu.externaltools.gnu-tools-for-stm32.10.3-2021.10.macos64_1.0.0.202111181127/tools/arm-none-eabi/include/c++/10.3.1/bits/charconv.h:72:5:void std::__detail::__to_chars_10_impl(char*, unsigned int, _Tp) [with _Tp = unsigned int]	40	static
