/Applications/STM32CubeIDE.app/Contents/Eclipse/plugins/com.st.stm32cube.ide.mcu.externaltools.gnu-tools-for-stm32.10.3-2021.10.macos64_1.0.0.202111181127/tools/arm-none-eabi/include/c++/10.3.1/arm-none-eabi/thumb/v7e-m+fp/softfp/bits/gthr-default.h:229:1:int __gthread_key_delete(__gthread_key_t)	16	static
../Core/Inc/printer.h:21:18:static printer* printer::get_singleton()	4	static
../Core/Src/printer.cpp:10:6:void printer::log(std::string)	24	static
../Core/Src/printer.cpp:15:11:printer& Vesp::getprinter()	8	static
../Core/Src/printer.cpp:19:2:void __static_initialization_and_destruction_0(int, int)	16	static
../Core/Src/printer.cpp:19:2:cpp)	8	static
