19:09:19 **** Incremental Build of configuration Debug for project usbandfreertos ****
make -j7 all 
arm-none-eabi-gcc "../Core/Src/main.c" -mcpu=cortex-m4 -std=gnu11 -g3 -DDEBUG -DUSE_HAL_DRIVER -DSTM32F405xx -c -I../Core/Inc -I../Drivers/STM32F4xx_HAL_Driver/Inc -I../Drivers/STM32F4xx_HAL_Driver/Inc/Legacy -I../Drivers/CMSIS/Device/ST/STM32F4xx/Include -I../Drivers/CMSIS/Include -I../USB_DEVICE/App -I../USB_DEVICE/Target -I../Middlewares/ST/STM32_USB_Device_Library/Core/Inc -I../Middlewares/ST/STM32_USB_Device_Library/Class/CDC/Inc -I../Middlewares/Third_Party/FreeRTOS/Source/include -I../Middlewares/Third_Party/FreeRTOS/Source/CMSIS_RTOS_V2 -I../Middlewares/Third_Party/FreeRTOS/Source/portable/GCC/ARM_CM4F -O0 -ffunction-sections -fdata-sections -Wall -fstack-usage -MMD -MP -MF"Core/Src/main.d" -MT"Core/Src/main.o" --specs=nano.specs -mfpu=fpv4-sp-d16 -mfloat-abi=hard -mthumb -o "Core/Src/main.o"
arm-none-eabi-gcc -o "usbandfreertos.elf" @"objects.list"   -mcpu=cortex-m4 -T"/Users/giovannirasera/repos/cpp/stm32/usbandfreertos/STM32F405RGTX_FLASH.ld" --specs=nosys.specs -Wl,-Map="usbandfreertos.map" -Wl,--gc-sections -static --specs=nano.specs -mfpu=fpv4-sp-d16 -mfloat-abi=hard -mthumb -Wl,--start-group -lc -lm -Wl,--end-group
Finished building target: usbandfreertos.elf
 
arm-none-eabi-size   usbandfreertos.elf 
arm-none-eabi-objdump -h -S  usbandfreertos.elf  > "usbandfreertos.list"
arm-none-eabi-objcopy  -O ihex  usbandfreertos.elf  "usbandfreertos.hex"
arm-none-eabi-objcopy  -O binary  usbandfreertos.elf  "usbandfreertos.bin"
   text	   data	    bss	    dec	    hex	filename
  42216	    364	  27804	  70384	  112f0	usbandfreertos.elf
Finished building: default.size.stdout
 
Finished building: usbandfreertos.bin
Finished building: usbandfreertos.hex
 
 
Finished building: usbandfreertos.list
 

19:09:21 Build Finished. 0 errors, 0 warnings. (took 1s.616ms)

