Archive member included to satisfy reference by file (symbol)

/Applications/STM32CubeIDE.app/Contents/Eclipse/plugins/com.st.stm32cube.ide.mcu.externaltools.gnu-tools-for-stm32.10.3-2021.10.macos64_1.0.0.202111181127/tools/bin/../lib/gcc/arm-none-eabi/10.3.1/../../../../arm-none-eabi/lib/thumb/v7e-m+fp/hard/libstdc++_nano.a(allocator-inst.o)
                              ./Core/Src/main.o (std::allocator<char>::allocator())
/Applications/STM32CubeIDE.app/Contents/Eclipse/plugins/com.st.stm32cube.ide.mcu.externaltools.gnu-tools-for-stm32.10.3-2021.10.macos64_1.0.0.202111181127/tools/bin/../lib/gcc/arm-none-eabi/10.3.1/../../../../arm-none-eabi/lib/thumb/v7e-m+fp/hard/libstdc++_nano.a(string-inst.o)
                              ./Core/Src/main.o (std::__cxx11::basic_string<char, std::char_traits<char>, std::allocator<char> >::basic_string(unsigned int, char, std::allocator<char> const&))
/Applications/STM32CubeIDE.app/Contents/Eclipse/plugins/com.st.stm32cube.ide.mcu.externaltools.gnu-tools-for-stm32.10.3-2021.10.macos64_1.0.0.202111181127/tools/bin/../lib/gcc/arm-none-eabi/10.3.1/../../../../arm-none-eabi/lib/thumb/v7e-m+fp/hard/libstdc++_nano.a(del_op.o)
                              /Applications/STM32CubeIDE.app/Contents/Eclipse/plugins/com.st.stm32cube.ide.mcu.externaltools.gnu-tools-for-stm32.10.3-2021.10.macos64_1.0.0.202111181127/tools/bin/../lib/gcc/arm-none-eabi/10.3.1/../../../../arm-none-eabi/lib/thumb/v7e-m+fp/hard/libstdc++_nano.a(string-inst.o) (operator delete(void*))
/Applications/STM32CubeIDE.app/Contents/Eclipse/plugins/com.st.stm32cube.ide.mcu.externaltools.gnu-tools-for-stm32.10.3-2021.10.macos64_1.0.0.202111181127/tools/bin/../lib/gcc/arm-none-eabi/10.3.1/../../../../arm-none-eabi/lib/thumb/v7e-m+fp/hard/libstdc++_nano.a(new_op.o)
                              /Applications/STM32CubeIDE.app/Contents/Eclipse/plugins/com.st.stm32cube.ide.mcu.externaltools.gnu-tools-for-stm32.10.3-2021.10.macos64_1.0.0.202111181127/tools/bin/../lib/gcc/arm-none-eabi/10.3.1/../../../../arm-none-eabi/lib/thumb/v7e-m+fp/hard/libstdc++_nano.a(string-inst.o) (operator new(unsigned int))
/Applications/STM32CubeIDE.app/Contents/Eclipse/plugins/com.st.stm32cube.ide.mcu.externaltools.gnu-tools-for-stm32.10.3-2021.10.macos64_1.0.0.202111181127/tools/bin/../lib/gcc/arm-none-eabi/10.3.1/../../../../arm-none-eabi/lib/thumb/v7e-m+fp/hard/libstdc++_nano.a(functexcept.o)
                              /Applications/STM32CubeIDE.app/Contents/Eclipse/plugins/com.st.stm32cube.ide.mcu.externaltools.gnu-tools-for-stm32.10.3-2021.10.macos64_1.0.0.202111181127/tools/bin/../lib/gcc/arm-none-eabi/10.3.1/../../../../arm-none-eabi/lib/thumb/v7e-m+fp/hard/libstdc++_nano.a(string-inst.o) (std::__throw_bad_alloc())
/Applications/STM32CubeIDE.app/Contents/Eclipse/plugins/com.st.stm32cube.ide.mcu.externaltools.gnu-tools-for-stm32.10.3-2021.10.macos64_1.0.0.202111181127/tools/bin/../lib/gcc/arm-none-eabi/10.3.1/../../../../arm-none-eabi/lib/thumb/v7e-m+fp/hard/libstdc++_nano.a(snprintf_lite.o)
                              /Applications/STM32CubeIDE.app/Contents/Eclipse/plugins/com.st.stm32cube.ide.mcu.externaltools.gnu-tools-for-stm32.10.3-2021.10.macos64_1.0.0.202111181127/tools/bin/../lib/gcc/arm-none-eabi/10.3.1/../../../../arm-none-eabi/lib/thumb/v7e-m+fp/hard/libstdc++_nano.a(functexcept.o) (__gnu_cxx::__snprintf_lite(char*, unsigned int, char const*, std::__va_list))
/Applications/STM32CubeIDE.app/Contents/Eclipse/plugins/com.st.stm32cube.ide.mcu.externaltools.gnu-tools-for-stm32.10.3-2021.10.macos64_1.0.0.202111181127/tools/bin/../lib/gcc/arm-none-eabi/10.3.1/../../../../arm-none-eabi/lib/thumb/v7e-m+fp/hard/libstdc++_nano.a(new_handler.o)
                              /Applications/STM32CubeIDE.app/Contents/Eclipse/plugins/com.st.stm32cube.ide.mcu.externaltools.gnu-tools-for-stm32.10.3-2021.10.macos64_1.0.0.202111181127/tools/bin/../lib/gcc/arm-none-eabi/10.3.1/../../../../arm-none-eabi/lib/thumb/v7e-m+fp/hard/libstdc++_nano.a(new_op.o) (std::get_new_handler())
/Applications/STM32CubeIDE.app/Contents/Eclipse/plugins/com.st.stm32cube.ide.mcu.externaltools.gnu-tools-for-stm32.10.3-2021.10.macos64_1.0.0.202111181127/tools/bin/../lib/gcc/arm-none-eabi/10.3.1/../../../../arm-none-eabi/lib/thumb/v7e-m+fp/hard/libc_nano.a(lib_a-abort.o)
                              /Applications/STM32CubeIDE.app/Contents/Eclipse/plugins/com.st.stm32cube.ide.mcu.externaltools.gnu-tools-for-stm32.10.3-2021.10.macos64_1.0.0.202111181127/tools/bin/../lib/gcc/arm-none-eabi/10.3.1/../../../../arm-none-eabi/lib/thumb/v7e-m+fp/hard/libstdc++_nano.a(new_op.o) (abort)
/Applications/STM32CubeIDE.app/Contents/Eclipse/plugins/com.st.stm32cube.ide.mcu.externaltools.gnu-tools-for-stm32.10.3-2021.10.macos64_1.0.0.202111181127/tools/bin/../lib/gcc/arm-none-eabi/10.3.1/../../../../arm-none-eabi/lib/thumb/v7e-m+fp/hard/libc_nano.a(lib_a-errno.o)
                              ./Core/Src/syscalls.o (__errno)
[...]
Memory Configuration

Name             Origin             Length             Attributes
CCMRAM           0x0000000010000000 0x0000000000010000 xrw
RAM              0x0000000020000000 0x0000000000020000 xrw
FLASH            0x0000000008000000 0x0000000000100000 xr
*default*        0x0000000000000000 0xffffffffffffffff

Linker script and memory map

LOAD /Applications/STM32CubeIDE.app/Contents/Eclipse/plugins/com.st.stm32cube.ide.mcu.externaltools.gnu-tools-for-stm32.10.3-2021.10.macos64_1.0.0.202111181127/tools/bin/../lib/gcc/arm-none-eabi/10.3.1/thumb/v7e-m+fp/hard/crti.o
LOAD /Applications/STM32CubeIDE.app/Contents/Eclipse/plugins/com.st.stm32cube.ide.mcu.externaltools.gnu-tools-for-stm32.10.3-2021.10.macos64_1.0.0.202111181127/tools/bin/../lib/gcc/arm-none-eabi/10.3.1/thumb/v7e-m+fp/hard/crtbegin.o
LOAD /Applications/STM32CubeIDE.app/Contents/Eclipse/plugins/com.st.stm32cube.ide.mcu.externaltools.gnu-tools-for-stm32.10.3-2021.10.macos64_1.0.0.202111181127/tools/bin/../lib/gcc/arm-none-eabi/10.3.1/../../../../arm-none-eabi/lib/thumb/v7e-m+fp/hard/crt0.o
LOAD ./Core/Src/freertos.o
LOAD ./Core/Src/main.o
LOAD ./Core/Src/printer.o
LOAD ./Core/Src/stm32f4xx_hal_msp.o
LOAD ./Core/Src/stm32f4xx_hal_timebase_tim.o
LOAD ./Core/Src/stm32f4xx_it.o
LOAD ./Core/Src/syscalls.o
LOAD ./Core/Src/sysmem.o
LOAD ./Core/Src/system_stm32f4xx.o
LOAD ./Core/Startup/startup_stm32f405rgtx.o
LOAD ./Drivers/STM32F4xx_HAL_Driver/Src/stm32f4xx_hal.o
LOAD ./Drivers/STM32F4xx_HAL_Driver/Src/stm32f4xx_hal_cortex.o
LOAD ./Drivers/STM32F4xx_HAL_Driver/Src/stm32f4xx_hal_dma.o
LOAD ./Drivers/STM32F4xx_HAL_Driver/Src/stm32f4xx_hal_dma_ex.o
LOAD ./Drivers/STM32F4xx_HAL_Driver/Src/stm32f4xx_hal_exti.o
LOAD ./Drivers/STM32F4xx_HAL_Driver/Src/stm32f4xx_hal_flash.o
LOAD ./Drivers/STM32F4xx_HAL_Driver/Src/stm32f4xx_hal_flash_ex.o
LOAD ./Drivers/STM32F4xx_HAL_Driver/Src/stm32f4xx_hal_flash_ramfunc.o
LOAD ./Drivers/STM32F4xx_HAL_Driver/Src/stm32f4xx_hal_gpio.o
LOAD ./Drivers/STM32F4xx_HAL_Driver/Src/stm32f4xx_hal_pcd.o
LOAD ./Drivers/STM32F4xx_HAL_Driver/Src/stm32f4xx_hal_pcd_ex.o
LOAD ./Drivers/STM32F4xx_HAL_Driver/Src/stm32f4xx_hal_pwr.o
LOAD ./Drivers/STM32F4xx_HAL_Driver/Src/stm32f4xx_hal_pwr_ex.o
LOAD ./Drivers/STM32F4xx_HAL_Driver/Src/stm32f4xx_hal_rcc.o
LOAD ./Drivers/STM32F4xx_HAL_Driver/Src/stm32f4xx_hal_rcc_ex.o
LOAD ./Drivers/STM32F4xx_HAL_Driver/Src/stm32f4xx_hal_spi.o
LOAD ./Drivers/STM32F4xx_HAL_Driver/Src/stm32f4xx_hal_tim.o
LOAD ./Drivers/STM32F4xx_HAL_Driver/Src/stm32f4xx_hal_tim_ex.o
LOAD ./Drivers/STM32F4xx_HAL_Driver/Src/stm32f4xx_ll_usb.o
LOAD ./Middlewares/ST/STM32_USB_Device_Library/Class/CDC/Src/usbd_cdc.o
LOAD ./Middlewares/ST/STM32_USB_Device_Library/Core/Src/usbd_core.o
LOAD ./Middlewares/ST/STM32_USB_Device_Library/Core/Src/usbd_ctlreq.o
LOAD ./Middlewares/ST/STM32_USB_Device_Library/Core/Src/usbd_ioreq.o
LOAD ./Middlewares/Third_Party/FreeRTOS/Source/CMSIS_RTOS_V2/cmsis_os2.o
LOAD ./Middlewares/Third_Party/FreeRTOS/Source/croutine.o
LOAD ./Middlewares/Third_Party/FreeRTOS/Source/event_groups.o
LOAD ./Middlewares/Third_Party/FreeRTOS/Source/list.o
LOAD ./Middlewares/Third_Party/FreeRTOS/Source/queue.o
LOAD ./Middlewares/Third_Party/FreeRTOS/Source/stream_buffer.o
LOAD ./Middlewares/Third_Party/FreeRTOS/Source/tasks.o
LOAD ./Middlewares/Third_Party/FreeRTOS/Source/timers.o
LOAD ./Middlewares/Third_Party/FreeRTOS/Source/portable/GCC/ARM_CM4F/port.o
LOAD ./Middlewares/Third_Party/FreeRTOS/Source/portable/MemMang/heap_4.o
LOAD ./USB_DEVICE/App/usb_device.o
LOAD ./USB_DEVICE/App/usbd_cdc_if.o
LOAD ./USB_DEVICE/App/usbd_desc.o
LOAD ./USB_DEVICE/Target/usbd_conf.o
START GROUP
LOAD /Applications/STM32CubeIDE.app/Contents/Eclipse/plugins/com.st.stm32cube.ide.mcu.externaltools.gnu-tools-for-stm32.10.3-2021.10.macos64_1.0.0.202111181127/tools/bin/../lib/gcc/arm-none-eabi/10.3.1/../../../../arm-none-eabi/lib/thumb/v7e-m+fp/hard/libstdc++_nano.a
LOAD /Applications/STM32CubeIDE.app/Contents/Eclipse/plugins/com.st.stm32cube.ide.mcu.externaltools.gnu-tools-for-stm32.10.3-2021.10.macos64_1.0.0.202111181127/tools/bin/../lib/gcc/arm-none-eabi/10.3.1/../../../../arm-none-eabi/lib/thumb/v7e-m+fp/hard/libsupc++_nano.a
END GROUP
LOAD /Applications/STM32CubeIDE.app/Contents/Eclipse/plugins/com.st.stm32cube.ide.mcu.externaltools.gnu-tools-for-stm32.10.3-2021.10.macos64_1.0.0.202111181127/tools/bin/../lib/gcc/arm-none-eabi/10.3.1/../../../../arm-none-eabi/lib/thumb/v7e-m+fp/hard/libstdc++_nano.a
LOAD /Applications/STM32CubeIDE.app/Contents/Eclipse/plugins/com.st.stm32cube.ide.mcu.externaltools.gnu-tools-for-stm32.10.3-2021.10.macos64_1.0.0.202111181127/tools/bin/../lib/gcc/arm-none-eabi/10.3.1/../../../../arm-none-eabi/lib/thumb/v7e-m+fp/hard/libm.a
LOAD /Applications/STM32CubeIDE.app/Contents/Eclipse/plugins/com.st.stm32cube.ide.mcu.externaltools.gnu-tools-for-stm32.10.3-2021.10.macos64_1.0.0.202111181127/tools/bin/../lib/gcc/arm-none-eabi/10.3.1/../../../../arm-none-eabi/lib/thumb/v7e-m+fp/hard/libc_nano.a
START GROUP
LOAD /Applications/STM32CubeIDE.app/Contents/Eclipse/plugins/com.st.stm32cube.ide.mcu.externaltools.gnu-tools-for-stm32.10.3-2021.10.macos64_1.0.0.202111181127/tools/bin/../lib/gcc/arm-none-eabi/10.3.1/thumb/v7e-m+fp/hard/libgcc.a
LOAD /Applications/STM32CubeIDE.app/Contents/Eclipse/plugins/com.st.stm32cube.ide.mcu.externaltools.gnu-tools-for-stm32.10.3-2021.10.macos64_1.0.0.202111181127/tools/bin/../lib/gcc/arm-none-eabi/10.3.1/../../../../arm-none-eabi/lib/thumb/v7e-m+fp/hard/libc_nano.a
END GROUP
START GROUP
LOAD /Applications/STM32CubeIDE.app/Contents/Eclipse/plugins/com.st.stm32cube.ide.mcu.externaltools.gnu-tools-for-stm32.10.3-2021.10.macos64_1.0.0.202111181127/tools/bin/../lib/gcc/arm-none-eabi/10.3.1/thumb/v7e-m+fp/hard/libgcc.a
LOAD /Applications/STM32CubeIDE.app/Contents/Eclipse/plugins/com.st.stm32cube.ide.mcu.externaltools.gnu-tools-for-stm32.10.3-2021.10.macos64_1.0.0.202111181127/tools/bin/../lib/gcc/arm-none-eabi/10.3.1/../../../../arm-none-eabi/lib/thumb/v7e-m+fp/hard/libc_nano.a
END GROUP
LOAD /Applications/STM32CubeIDE.app/Contents/Eclipse/plugins/com.st.stm32cube.ide.mcu.externaltools.gnu-tools-for-stm32.10.3-2021.10.macos64_1.0.0.202111181127/tools/bin/../lib/gcc/arm-none-eabi/10.3.1/thumb/v7e-m+fp/hard/crtend.o
LOAD /Applications/STM32CubeIDE.app/Contents/Eclipse/plugins/com.st.stm32cube.ide.mcu.externaltools.gnu-tools-for-stm32.10.3-2021.10.macos64_1.0.0.202111181127/tools/bin/../lib/gcc/arm-none-eabi/10.3.1/thumb/v7e-m+fp/hard/crtn.o
                0x0000000020020000                _estack = (ORIGIN (RAM) + LENGTH (RAM))
                0x0000000000000200                _Min_Heap_Size = 0x200
                0x0000000000000400                _Min_Stack_Size = 0x400

.isr_vector     0x0000000008000000      0x188
                0x0000000008000000                . = ALIGN (0x4)
 *(.isr_vector)
 .isr_vector    0x0000000008000000      0x188 ./Core/Startup/startup_stm32f405rgtx.o
                0x0000000008000000                g_pfnVectors
                0x0000000008000188                . = ALIGN (0x4)

.text           0x0000000008000190     0xb670
                0x0000000008000190                . = ALIGN (0x4)
 *(.text)
 .text          0x0000000008000190       0x40 /Applications/STM32CubeIDE.app/Contents/Eclipse/plugins/com.st.stm32cube.ide.mcu.externaltools.gnu-tools-for-stm32.10.3-2021.10.macos64_1.0.0.202111181127/tools/bin/../lib/gcc/arm-none-eabi/10.3.1/thumb/v7e-m+fp/hard/crtbegin.o
 .text          0x00000000080001d0       0x10 /Applications/STM32CubeIDE.app/Contents/Eclipse/plugins/com.st.stm32cube.ide.mcu.externaltools.gnu-tools-for-stm32.10.3-2021.10.macos64_1.0.0.202111181127/tools/bin/../lib/gcc/arm-none-eabi/10.3.1/../../../../arm-none-eabi/lib/thumb/v7e-m+fp/hard/libc_nano.a(lib_a-strlen.o)
                0x00000000080001d0                strlen
 .text          0x00000000080001e0       0x30 /Applications/STM32CubeIDE.app/Contents/Eclipse/plugins/com.st.stm32cube.ide.mcu.externaltools.gnu-tools-for-stm32.10.3-2021.10.macos64_1.0.0.202111181127/tools/bin/../lib/gcc/arm-none-eabi/10.3.1/thumb/v7e-m+fp/hard/libgcc.a(_aeabi_uldivmod.o)
                0x00000000080001e0                __aeabi_uldivmod
 .text          0x0000000008000210      0x2d0 /Applications/STM32CubeIDE.app/Contents/Eclipse/plugins/com.st.stm32cube.ide.mcu.externaltools.gnu-tools-for-stm32.10.3-2021.10.macos64_1.0.0.202111181127/tools/bin/../lib/gcc/arm-none-eabi/10.3.1/thumb/v7e-m+fp/hard/libgcc.a(_udivmoddi4.o)
                0x0000000008000210                __udivmoddi4
 .text          0x00000000080004e0        0x4 /Applications/STM32CubeIDE.app/Contents/Eclipse/plugins/com.st.stm32cube.ide.mcu.externaltools.gnu-tools-for-stm32.10.3-2021.10.macos64_1.0.0.202111181127/tools/bin/../lib/gcc/arm-none-eabi/10.3.1/thumb/v7e-m+fp/hard/libgcc.a(_dvmd_tls.o)
                0x00000000080004e0                __aeabi_ldiv0
                0x00000000080004e0                __aeabi_idiv0
 *(.text*)
 .text._ZNSt7__cxx119to_stringEi
                0x00000000080004e4       0x72 ./Core/Src/main.o
                0x00000000080004e4                std::__cxx11::to_string(int)
 *fill*         0x0000000008000556        0x2 
 .text.main     0x0000000008000558       0x94 ./Core/Src/main.o
                0x0000000008000558                main
 .text._Z18SystemClock_Configv
                0x00000000080005ec       0xec ./Core/Src/main.o
                0x00000000080005ec                SystemClock_Config()
 .text._ZL12MX_GPIO_Initv
                0x00000000080006d8       0xa0 ./Core/Src/main.o
 .text._ZL12MX_SPI1_Initv
                0x0000000008000778       0x78 ./Core/Src/main.o
 .text._Z12gyroreadingsPv
                0x00000000080007f0      0x1c0 ./Core/Src/main.o
                0x00000000080007f0                gyroreadings(void*)
 .text._Z16StartDefaultTaskPv
                0x00000000080009b0       0x12 ./Core/Src/main.o
                0x00000000080009b0                StartDefaultTask(void*)
 *fill*         0x00000000080009c2        0x2 
 .text._Z15ledstatustogglePv
                0x00000000080009c4       0x20 ./Core/Src/main.o
                0x00000000080009c4                ledstatustoggle(void*)
 .text._Z21usbcomunicationserialPv
                0x00000000080009e4       0x12 ./Core/Src/main.o
                0x00000000080009e4                usbcomunicationserial(void*)
 *fill*         0x00000000080009f6        0x2 
 .text.HAL_TIM_PeriodElapsedCallback
                0x00000000080009f8       0x24 ./Core/Src/main.o
                0x00000000080009f8                HAL_TIM_PeriodElapsedCallback
 .text.Error_Handler
                0x0000000008000a1c        0xa ./Core/Src/main.o
                0x0000000008000a1c                Error_Handler
 .text._ZNSt8__detail14__to_chars_lenIjEEjT_i
                0x0000000008000a26       0x7e ./Core/Src/main.o
                0x0000000008000a26                unsigned int std::__detail::__to_chars_len<unsigned int>(unsigned int, int)
 .text._ZNSt8__detail18__to_chars_10_implIjEEvPcjT_
                0x0000000008000aa4       0xac ./Core/Src/main.o
                0x0000000008000aa4                void std::__detail::__to_chars_10_impl<unsigned int>(char*, unsigned int, unsigned int)
 .text._ZN7printer13get_singletonEv
                0x0000000008000b50       0x18 ./Core/Src/printer.o
                0x0000000008000b50                printer::get_singleton()
 .text._ZN7printer3logENSt7__cxx1112basic_stringIcSt11char_traitsIcESaIcEEE
                0x0000000008000b68       0x2c ./Core/Src/printer.o
                0x0000000008000b68                printer::log(std::__cxx11::basic_string<char, std::char_traits<char>, std::allocator<char> >)
 .text._ZN4Vesp10getprinterEv
                0x0000000008000b94        0xe ./Core/Src/printer.o
                0x0000000008000b94                Vesp::getprinter()
 *fill*         0x0000000008000ba2        0x2 
 .text.HAL_MspInit
                0x0000000008000ba4       0x58 ./Core/Src/stm32f4xx_hal_msp.o
                0x0000000008000ba4                HAL_MspInit
 .text.HAL_SPI_MspInit
                0x0000000008000bfc       0x90 ./Core/Src/stm32f4xx_hal_msp.o
                0x0000000008000bfc                HAL_SPI_MspInit
 .text.HAL_InitTick
                0x0000000008000c8c       0xf8 ./Core/Src/stm32f4xx_hal_timebase_tim.o
                0x0000000008000c8c                HAL_InitTick
 .text.NMI_Handler
                0x0000000008000d84        0x6 ./Core/Src/stm32f4xx_it.o
                0x0000000008000d84                NMI_Handler
 .text.HardFault_Handler
                0x0000000008000d8a        0x6 ./Core/Src/stm32f4xx_it.o
                0x0000000008000d8a                HardFault_Handler
 .text.MemManage_Handler
                0x0000000008000d90        0x6 ./Core/Src/stm32f4xx_it.o
                0x0000000008000d90                MemManage_Handler
 .text.BusFault_Handler
                0x0000000008000d96        0x6 ./Core/Src/stm32f4xx_it.o
                0x0000000008000d96                BusFault_Handler
 .text.UsageFault_Handler
                0x0000000008000d9c        0x6 ./Core/Src/stm32f4xx_it.o
                0x0000000008000d9c                UsageFault_Handler
 .text.DebugMon_Handler
                0x0000000008000da2        0xe ./Core/Src/stm32f4xx_it.o
                0x0000000008000da2                DebugMon_Handler
 .text.TIM6_DAC_IRQHandler
                0x0000000008000db0       0x14 ./Core/Src/stm32f4xx_it.o
                0x0000000008000db0                TIM6_DAC_IRQHandler
 .text.OTG_FS_IRQHandler
                0x0000000008000dc4       0x14 ./Core/Src/stm32f4xx_it.o
                0x0000000008000dc4                OTG_FS_IRQHandler
 .text._getpid  0x0000000008000dd8       0x10 ./Core/Src/syscalls.o
                0x0000000008000dd8                _getpid
 .text._kill    0x0000000008000de8       0x20 ./Core/Src/syscalls.o
                0x0000000008000de8                _kill
 .text._exit    0x0000000008000e08       0x14 ./Core/Src/syscalls.o
                0x0000000008000e08                _exit
 .text._sbrk    0x0000000008000e1c       0x6c ./Core/Src/sysmem.o
                0x0000000008000e1c                _sbrk
 .text.SystemInit
                0x0000000008000e88       0x24 ./Core/Src/system_stm32f4xx.o
                0x0000000008000e88                SystemInit
 .text.Reset_Handler
                0x0000000008000eac       0x50 ./Core/Startup/startup_stm32f405rgtx.o
                0x0000000008000eac                Reset_Handler
 .text.Default_Handler
                0x0000000008000efc        0x2 ./Core/Startup/startup_stm32f405rgtx.o
                0x0000000008000efc                DMA1_Stream3_IRQHandler
                0x0000000008000efc                HASH_RNG_IRQHandler
                0x0000000008000efc                EXTI2_IRQHandler
                0x0000000008000efc                TIM8_CC_IRQHandler
                0x0000000008000efc                TIM1_CC_IRQHandler
                0x0000000008000efc                DMA2_Stream5_IRQHandler
                0x0000000008000efc                DMA1_Stream5_IRQHandler
                0x0000000008000efc                PVD_IRQHandler
                0x0000000008000efc                SDIO_IRQHandler
                0x0000000008000efc                TAMP_STAMP_IRQHandler
                0x0000000008000efc                CAN2_RX1_IRQHandler
                0x0000000008000efc                EXTI3_IRQHandler
                0x0000000008000efc                TIM8_TRG_COM_TIM14_IRQHandler
                0x0000000008000efc                TIM1_UP_TIM10_IRQHandler
                0x0000000008000efc                TIM8_UP_TIM13_IRQHandler
                0x0000000008000efc                I2C3_ER_IRQHandler
                0x0000000008000efc                EXTI0_IRQHandler
                0x0000000008000efc                I2C2_EV_IRQHandler
                0x0000000008000efc                DMA1_Stream2_IRQHandler
                0x0000000008000efc                CAN1_RX0_IRQHandler
                0x0000000008000efc                FPU_IRQHandler
                0x0000000008000efc                OTG_HS_WKUP_IRQHandler
                0x0000000008000efc                CAN2_SCE_IRQHandler
                0x0000000008000efc                DMA2_Stream2_IRQHandler
                0x0000000008000efc                SPI1_IRQHandler
                0x0000000008000efc                TIM1_BRK_TIM9_IRQHandler
                0x0000000008000efc                CAN2_RX0_IRQHandler
                0x0000000008000efc                DMA2_Stream3_IRQHandler
                0x0000000008000efc                USART6_IRQHandler
                0x0000000008000efc                USART3_IRQHandler
                0x0000000008000efc                CAN1_RX1_IRQHandler
                0x0000000008000efc                UART5_IRQHandler
                0x0000000008000efc                DMA2_Stream0_IRQHandler
                0x0000000008000efc                TIM4_IRQHandler
                0x0000000008000efc                I2C1_EV_IRQHandler
                0x0000000008000efc                DMA1_Stream6_IRQHandler
                0x0000000008000efc                DMA1_Stream1_IRQHandler
                0x0000000008000efc                UART4_IRQHandler
                0x0000000008000efc                TIM3_IRQHandler
                0x0000000008000efc                RCC_IRQHandler
                0x0000000008000efc                TIM8_BRK_TIM12_IRQHandler
                0x0000000008000efc                Default_Handler
                0x0000000008000efc                EXTI15_10_IRQHandler
                0x0000000008000efc                ADC_IRQHandler
                0x0000000008000efc                DMA1_Stream7_IRQHandler
                0x0000000008000efc                TIM7_IRQHandler
                0x0000000008000efc                CAN2_TX_IRQHandler
                0x0000000008000efc                TIM5_IRQHandler
                0x0000000008000efc                DMA2_Stream7_IRQHandler
                0x0000000008000efc                I2C3_EV_IRQHandler
                0x0000000008000efc                EXTI9_5_IRQHandler
                0x0000000008000efc                RTC_WKUP_IRQHandler
                0x0000000008000efc                SPI2_IRQHandler
                0x0000000008000efc                OTG_HS_EP1_IN_IRQHandler
                0x0000000008000efc                DMA1_Stream0_IRQHandler
                0x0000000008000efc                CAN1_TX_IRQHandler
                0x0000000008000efc                EXTI4_IRQHandler
                0x0000000008000efc                FSMC_IRQHandler
                0x0000000008000efc                OTG_HS_EP1_OUT_IRQHandler
                0x0000000008000efc                WWDG_IRQHandler
                0x0000000008000efc                TIM2_IRQHandler
                0x0000000008000efc                OTG_FS_WKUP_IRQHandler
                0x0000000008000efc                TIM1_TRG_COM_TIM11_IRQHandler
                0x0000000008000efc                OTG_HS_IRQHandler
                0x0000000008000efc                EXTI1_IRQHandler
                0x0000000008000efc                USART2_IRQHandler
                0x0000000008000efc                I2C2_ER_IRQHandler
                0x0000000008000efc                DMA2_Stream1_IRQHandler
                0x0000000008000efc                CAN1_SCE_IRQHandler
                0x0000000008000efc                FLASH_IRQHandler
                0x0000000008000efc                DMA2_Stream4_IRQHandler
                0x0000000008000efc                USART1_IRQHandler
                0x0000000008000efc                SPI3_IRQHandler
                0x0000000008000efc                DMA1_Stream4_IRQHandler
                0x0000000008000efc                I2C1_ER_IRQHandler
                0x0000000008000efc                DMA2_Stream6_IRQHandler
                0x0000000008000efc                RTC_Alarm_IRQHandler
 *fill*         0x0000000008000efe        0x2 
 .text.HAL_Init
                0x0000000008000f00       0x44 ./Drivers/STM32F4xx_HAL_Driver/Src/stm32f4xx_hal.o
                0x0000000008000f00                HAL_Init
 .text.HAL_IncTick
                0x0000000008000f44       0x28 ./Drivers/STM32F4xx_HAL_Driver/Src/stm32f4xx_hal.o
                0x0000000008000f44                HAL_IncTick
 .text.HAL_GetTick
                0x0000000008000f6c       0x18 ./Drivers/STM32F4xx_HAL_Driver/Src/stm32f4xx_hal.o
                0x0000000008000f6c                HAL_GetTick
 .text.HAL_Delay
                0x0000000008000f84       0x48 ./Drivers/STM32F4xx_HAL_Driver/Src/stm32f4xx_hal.o
                0x0000000008000f84                HAL_Delay
 .text.__NVIC_SetPriorityGrouping
                0x0000000008000fcc       0x48 ./Drivers/STM32F4xx_HAL_Driver/Src/stm32f4xx_hal_cortex.o
 .text.__NVIC_GetPriorityGrouping
                0x0000000008001014       0x1c ./Drivers/STM32F4xx_HAL_Driver/Src/stm32f4xx_hal_cortex.o
 .text.__NVIC_EnableIRQ
                0x0000000008001030       0x3c ./Drivers/STM32F4xx_HAL_Driver/Src/stm32f4xx_hal_cortex.o
 .text.__NVIC_SetPriority
                0x000000000800106c       0x54 ./Drivers/STM32F4xx_HAL_Driver/Src/stm32f4xx_hal_cortex.o
 .text.NVIC_EncodePriority
                0x00000000080010c0       0x66 ./Drivers/STM32F4xx_HAL_Driver/Src/stm32f4xx_hal_cortex.o
 .text.HAL_NVIC_SetPriorityGrouping
                0x0000000008001126       0x16 ./Drivers/STM32F4xx_HAL_Driver/Src/stm32f4xx_hal_cortex.o
                0x0000000008001126                HAL_NVIC_SetPriorityGrouping
 .text.HAL_NVIC_SetPriority
                0x000000000800113c       0x38 ./Drivers/STM32F4xx_HAL_Driver/Src/stm32f4xx_hal_cortex.o
                0x000000000800113c                HAL_NVIC_SetPriority
 .text.HAL_NVIC_EnableIRQ
                0x0000000008001174       0x1c ./Drivers/STM32F4xx_HAL_Driver/Src/stm32f4xx_hal_cortex.o
                0x0000000008001174                HAL_NVIC_EnableIRQ
 .text.HAL_GPIO_Init
                0x0000000008001190      0x338 ./Drivers/STM32F4xx_HAL_Driver/Src/stm32f4xx_hal_gpio.o
                0x0000000008001190                HAL_GPIO_Init
 .text.HAL_GPIO_WritePin
                0x00000000080014c8       0x32 ./Drivers/STM32F4xx_HAL_Driver/Src/stm32f4xx_hal_gpio.o
                0x00000000080014c8                HAL_GPIO_WritePin
 .text.HAL_GPIO_TogglePin
                0x00000000080014fa       0x34 ./Drivers/STM32F4xx_HAL_Driver/Src/stm32f4xx_hal_gpio.o
                0x00000000080014fa                HAL_GPIO_TogglePin
 .text.HAL_PCD_Init
                0x000000000800152e      0x23a ./Drivers/STM32F4xx_HAL_Driver/Src/stm32f4xx_hal_pcd.o
                0x000000000800152e                HAL_PCD_Init
 .text.HAL_PCD_Start
                0x0000000008001768       0x66 ./Drivers/STM32F4xx_HAL_Driver/Src/stm32f4xx_hal_pcd.o
                0x0000000008001768                HAL_PCD_Start
 .text.HAL_PCD_IRQHandler
                0x00000000080017ce      0x93e ./Drivers/STM32F4xx_HAL_Driver/Src/stm32f4xx_hal_pcd.o
                0x00000000080017ce                HAL_PCD_IRQHandler
 .text.HAL_PCD_SetAddress
                0x000000000800210c       0x4a ./Drivers/STM32F4xx_HAL_Driver/Src/stm32f4xx_hal_pcd.o
                0x000000000800210c                HAL_PCD_SetAddress
 .text.HAL_PCD_EP_Open
                0x0000000008002156       0xd0 ./Drivers/STM32F4xx_HAL_Driver/Src/stm32f4xx_hal_pcd.o
                0x0000000008002156                HAL_PCD_EP_Open
 .text.HAL_PCD_EP_Close
                0x0000000008002226       0x94 ./Drivers/STM32F4xx_HAL_Driver/Src/stm32f4xx_hal_pcd.o
                0x0000000008002226                HAL_PCD_EP_Close
 .text.HAL_PCD_EP_Receive
                0x00000000080022ba       0x96 ./Drivers/STM32F4xx_HAL_Driver/Src/stm32f4xx_hal_pcd.o
                0x00000000080022ba                HAL_PCD_EP_Receive
 .text.HAL_PCD_EP_GetRxCount
                0x0000000008002350       0x30 ./Drivers/STM32F4xx_HAL_Driver/Src/stm32f4xx_hal_pcd.o
                0x0000000008002350                HAL_PCD_EP_GetRxCount
 .text.HAL_PCD_EP_Transmit
                0x0000000008002380       0x94 ./Drivers/STM32F4xx_HAL_Driver/Src/stm32f4xx_hal_pcd.o
                0x0000000008002380                HAL_PCD_EP_Transmit
 .text.HAL_PCD_EP_SetStall
                0x0000000008002414       0xc8 ./Drivers/STM32F4xx_HAL_Driver/Src/stm32f4xx_hal_pcd.o
                0x0000000008002414                HAL_PCD_EP_SetStall
 .text.HAL_PCD_EP_ClrStall
                0x00000000080024dc       0xac ./Drivers/STM32F4xx_HAL_Driver/Src/stm32f4xx_hal_pcd.o
                0x00000000080024dc                HAL_PCD_EP_ClrStall
 .text.HAL_PCD_EP_Abort
                0x0000000008002588       0x62 ./Drivers/STM32F4xx_HAL_Driver/Src/stm32f4xx_hal_pcd.o
                0x0000000008002588                HAL_PCD_EP_Abort
 .text.PCD_WriteEmptyTxFifo
                0x00000000080025ea      0x11a ./Drivers/STM32F4xx_HAL_Driver/Src/stm32f4xx_hal_pcd.o
 .text.PCD_EP_OutXfrComplete_int
                0x0000000008002704      0x1d0 ./Drivers/STM32F4xx_HAL_Driver/Src/stm32f4xx_hal_pcd.o
 .text.PCD_EP_OutSetupPacket_int
                0x00000000080028d4       0x8c ./Drivers/STM32F4xx_HAL_Driver/Src/stm32f4xx_hal_pcd.o
 .text.HAL_PCDEx_SetTxFiFo
                0x0000000008002960       0x8e ./Drivers/STM32F4xx_HAL_Driver/Src/stm32f4xx_hal_pcd_ex.o
                0x0000000008002960                HAL_PCDEx_SetTxFiFo
 .text.HAL_PCDEx_SetRxFiFo
                0x00000000080029ee       0x22 ./Drivers/STM32F4xx_HAL_Driver/Src/stm32f4xx_hal_pcd_ex.o
                0x00000000080029ee                HAL_PCDEx_SetRxFiFo
 .text.HAL_PCDEx_LPM_Callback
                0x0000000008002a10       0x18 ./Drivers/STM32F4xx_HAL_Driver/Src/stm32f4xx_hal_pcd_ex.o
                0x0000000008002a10                HAL_PCDEx_LPM_Callback
 .text.HAL_RCC_OscConfig
                0x0000000008002a28      0x4f0 ./Drivers/STM32F4xx_HAL_Driver/Src/stm32f4xx_hal_rcc.o
                0x0000000008002a28                HAL_RCC_OscConfig
 .text.HAL_RCC_ClockConfig
                0x0000000008002f18      0x1cc ./Drivers/STM32F4xx_HAL_Driver/Src/stm32f4xx_hal_rcc.o
                0x0000000008002f18                HAL_RCC_ClockConfig
 .text.HAL_RCC_GetSysClockFreq
                0x00000000080030e4      0x20c ./Drivers/STM32F4xx_HAL_Driver/Src/stm32f4xx_hal_rcc.o
                0x00000000080030e4                HAL_RCC_GetSysClockFreq
 .text.HAL_RCC_GetHCLKFreq
                0x00000000080032f0       0x18 ./Drivers/STM32F4xx_HAL_Driver/Src/stm32f4xx_hal_rcc.o
                0x00000000080032f0                HAL_RCC_GetHCLKFreq
 .text.HAL_RCC_GetPCLK1Freq
                0x0000000008003308       0x28 ./Drivers/STM32F4xx_HAL_Driver/Src/stm32f4xx_hal_rcc.o
                0x0000000008003308                HAL_RCC_GetPCLK1Freq
 .text.HAL_RCC_GetClockConfig
                0x0000000008003330       0x64 ./Drivers/STM32F4xx_HAL_Driver/Src/stm32f4xx_hal_rcc.o
                0x0000000008003330                HAL_RCC_GetClockConfig
 .text.HAL_SPI_Init
                0x0000000008003394      0x112 ./Drivers/STM32F4xx_HAL_Driver/Src/stm32f4xx_hal_spi.o
                0x0000000008003394                HAL_SPI_Init
 .text.HAL_SPI_Transmit
                0x00000000080034a6      0x278 ./Drivers/STM32F4xx_HAL_Driver/Src/stm32f4xx_hal_spi.o
                0x00000000080034a6                HAL_SPI_Transmit
 .text.HAL_SPI_Receive
                0x000000000800371e      0x222 ./Drivers/STM32F4xx_HAL_Driver/Src/stm32f4xx_hal_spi.o
                0x000000000800371e                HAL_SPI_Receive
 .text.HAL_SPI_TransmitReceive
                0x0000000008003940      0x344 ./Drivers/STM32F4xx_HAL_Driver/Src/stm32f4xx_hal_spi.o
                0x0000000008003940                HAL_SPI_TransmitReceive
 .text.SPI_WaitFlagStateUntilTimeout
                0x0000000008003c84      0x110 ./Drivers/STM32F4xx_HAL_Driver/Src/stm32f4xx_hal_spi.o
 .text.SPI_EndRxTransaction
                0x0000000008003d94       0xca ./Drivers/STM32F4xx_HAL_Driver/Src/stm32f4xx_hal_spi.o
 *fill*         0x0000000008003e5e        0x2 
 .text.SPI_EndRxTxTransaction
                0x0000000008003e60       0x84 ./Drivers/STM32F4xx_HAL_Driver/Src/stm32f4xx_hal_spi.o
 .text.HAL_TIM_Base_Init
                0x0000000008003ee4       0x9e ./Drivers/STM32F4xx_HAL_Driver/Src/stm32f4xx_hal_tim.o
                0x0000000008003ee4                HAL_TIM_Base_Init
 .text.HAL_TIM_Base_MspInit
                0x0000000008003f82       0x14 ./Drivers/STM32F4xx_HAL_Driver/Src/stm32f4xx_hal_tim.o
                0x0000000008003f82                HAL_TIM_Base_MspInit
 *fill*         0x0000000008003f96        0x2 
 .text.HAL_TIM_Base_Start_IT
                0x0000000008003f98       0xe0 ./Drivers/STM32F4xx_HAL_Driver/Src/stm32f4xx_hal_tim.o
                0x0000000008003f98                HAL_TIM_Base_Start_IT
 .text.HAL_TIM_IRQHandler
                0x0000000008004078      0x210 ./Drivers/STM32F4xx_HAL_Driver/Src/stm32f4xx_hal_tim.o
                0x0000000008004078                HAL_TIM_IRQHandler
 .text.HAL_TIM_OC_DelayElapsedCallback
                0x0000000008004288       0x14 ./Drivers/STM32F4xx_HAL_Driver/Src/stm32f4xx_hal_tim.o
                0x0000000008004288                HAL_TIM_OC_DelayElapsedCallback
 .text.HAL_TIM_IC_CaptureCallback
                0x000000000800429c       0x14 ./Drivers/STM32F4xx_HAL_Driver/Src/stm32f4xx_hal_tim.o
                0x000000000800429c                HAL_TIM_IC_CaptureCallback
 .text.HAL_TIM_PWM_PulseFinishedCallback
                0x00000000080042b0       0x14 ./Drivers/STM32F4xx_HAL_Driver/Src/stm32f4xx_hal_tim.o
                0x00000000080042b0                HAL_TIM_PWM_PulseFinishedCallback
 .text.HAL_TIM_TriggerCallback
                0x00000000080042c4       0x14 ./Drivers/STM32F4xx_HAL_Driver/Src/stm32f4xx_hal_tim.o
                0x00000000080042c4                HAL_TIM_TriggerCallback
 .text.TIM_Base_SetConfig
                0x00000000080042d8      0x140 ./Drivers/STM32F4xx_HAL_Driver/Src/stm32f4xx_hal_tim.o
                0x00000000080042d8                TIM_Base_SetConfig
 .text.HAL_TIMEx_CommutCallback
                0x0000000008004418       0x14 ./Drivers/STM32F4xx_HAL_Driver/Src/stm32f4xx_hal_tim_ex.o
                0x0000000008004418                HAL_TIMEx_CommutCallback
 .text.HAL_TIMEx_BreakCallback
                0x000000000800442c       0x14 ./Drivers/STM32F4xx_HAL_Driver/Src/stm32f4xx_hal_tim_ex.o
                0x000000000800442c                HAL_TIMEx_BreakCallback
 .text.USB_CoreInit
                0x0000000008004440       0xc2 ./Drivers/STM32F4xx_HAL_Driver/Src/stm32f4xx_ll_usb.o
                0x0000000008004440                USB_CoreInit
 *fill*         0x0000000008004502        0x2 
 .text.USB_SetTurnaroundTime
                0x0000000008004504      0x144 ./Drivers/STM32F4xx_HAL_Driver/Src/stm32f4xx_ll_usb.o
                0x0000000008004504                USB_SetTurnaroundTime
 .text.USB_EnableGlobalInt
                0x0000000008004648       0x22 ./Drivers/STM32F4xx_HAL_Driver/Src/stm32f4xx_ll_usb.o
                0x0000000008004648                USB_EnableGlobalInt
 .text.USB_DisableGlobalInt
                0x000000000800466a       0x22 ./Drivers/STM32F4xx_HAL_Driver/Src/stm32f4xx_ll_usb.o
                0x000000000800466a                USB_DisableGlobalInt
 .text.USB_SetCurrentMode
                0x000000000800468c       0x98 ./Drivers/STM32F4xx_HAL_Driver/Src/stm32f4xx_ll_usb.o
                0x000000000800468c                USB_SetCurrentMode
 .text.USB_DevInit
                0x0000000008004724      0x2c8 ./Drivers/STM32F4xx_HAL_Driver/Src/stm32f4xx_ll_usb.o
                0x0000000008004724                USB_DevInit
 .text.USB_FlushTxFifo
                0x00000000080049ec       0x68 ./Drivers/STM32F4xx_HAL_Driver/Src/stm32f4xx_ll_usb.o
                0x00000000080049ec                USB_FlushTxFifo
 .text.USB_FlushRxFifo
                0x0000000008004a54       0x60 ./Drivers/STM32F4xx_HAL_Driver/Src/stm32f4xx_ll_usb.o
                0x0000000008004a54                USB_FlushRxFifo
 .text.USB_SetDevSpeed
                0x0000000008004ab4       0x32 ./Drivers/STM32F4xx_HAL_Driver/Src/stm32f4xx_ll_usb.o
                0x0000000008004ab4                USB_SetDevSpeed
 .text.USB_GetDevSpeed
                0x0000000008004ae6       0x4a ./Drivers/STM32F4xx_HAL_Driver/Src/stm32f4xx_ll_usb.o
                0x0000000008004ae6                USB_GetDevSpeed
 .text.USB_ActivateEndpoint
                0x0000000008004b30      0x10e ./Drivers/STM32F4xx_HAL_Driver/Src/stm32f4xx_ll_usb.o
                0x0000000008004b30                USB_ActivateEndpoint
 *fill*         0x0000000008004c3e        0x2 
 .text.USB_DeactivateEndpoint
                0x0000000008004c40      0x1b8 ./Drivers/STM32F4xx_HAL_Driver/Src/stm32f4xx_ll_usb.o
                0x0000000008004c40                USB_DeactivateEndpoint
 .text.USB_EPStartXfer
                0x0000000008004df8      0x490 ./Drivers/STM32F4xx_HAL_Driver/Src/stm32f4xx_ll_usb.o
                0x0000000008004df8                USB_EPStartXfer
 .text.USB_EP0StartXfer
                0x0000000008005288      0x2b0 ./Drivers/STM32F4xx_HAL_Driver/Src/stm32f4xx_ll_usb.o
                0x0000000008005288                USB_EP0StartXfer
 .text.USB_EPStopXfer
                0x0000000008005538      0x154 ./Drivers/STM32F4xx_HAL_Driver/Src/stm32f4xx_ll_usb.o
                0x0000000008005538                USB_EPStopXfer
 .text.USB_WritePacket
                0x000000000800568c       0x7c ./Drivers/STM32F4xx_HAL_Driver/Src/stm32f4xx_ll_usb.o
                0x000000000800568c                USB_WritePacket
 .text.USB_ReadPacket
                0x0000000008005708       0xb0 ./Drivers/STM32F4xx_HAL_Driver/Src/stm32f4xx_ll_usb.o
                0x0000000008005708                USB_ReadPacket
 .text.USB_EPSetStall
                0x00000000080057b8       0xdc ./Drivers/STM32F4xx_HAL_Driver/Src/stm32f4xx_ll_usb.o
                0x00000000080057b8                USB_EPSetStall
 .text.USB_EPClearStall
                0x0000000008005894       0xcc ./Drivers/STM32F4xx_HAL_Driver/Src/stm32f4xx_ll_usb.o
                0x0000000008005894                USB_EPClearStall
 .text.USB_SetDevAddress
                0x0000000008005960       0x4c ./Drivers/STM32F4xx_HAL_Driver/Src/stm32f4xx_ll_usb.o
                0x0000000008005960                USB_SetDevAddress
 .text.USB_DevConnect
                0x00000000080059ac       0x42 ./Drivers/STM32F4xx_HAL_Driver/Src/stm32f4xx_ll_usb.o
                0x00000000080059ac                USB_DevConnect
 .text.USB_DevDisconnect
                0x00000000080059ee       0x42 ./Drivers/STM32F4xx_HAL_Driver/Src/stm32f4xx_ll_usb.o
                0x00000000080059ee                USB_DevDisconnect
 .text.USB_ReadInterrupts
                0x0000000008005a30       0x26 ./Drivers/STM32F4xx_HAL_Driver/Src/stm32f4xx_ll_usb.o
                0x0000000008005a30                USB_ReadInterrupts
 .text.USB_ReadDevAllOutEpInterrupt
                0x0000000008005a56       0x34 ./Drivers/STM32F4xx_HAL_Driver/Src/stm32f4xx_ll_usb.o
                0x0000000008005a56                USB_ReadDevAllOutEpInterrupt
 .text.USB_ReadDevAllInEpInterrupt
                0x0000000008005a8a       0x34 ./Drivers/STM32F4xx_HAL_Driver/Src/stm32f4xx_ll_usb.o
                0x0000000008005a8a                USB_ReadDevAllInEpInterrupt
 .text.USB_ReadDevOutEPInterrupt
                0x0000000008005abe       0x3c ./Drivers/STM32F4xx_HAL_Driver/Src/stm32f4xx_ll_usb.o
                0x0000000008005abe                USB_ReadDevOutEPInterrupt
 .text.USB_ReadDevInEPInterrupt
                0x0000000008005afa       0x5c ./Drivers/STM32F4xx_HAL_Driver/Src/stm32f4xx_ll_usb.o
                0x0000000008005afa                USB_ReadDevInEPInterrupt
 .text.USB_GetMode
                0x0000000008005b56       0x1c ./Drivers/STM32F4xx_HAL_Driver/Src/stm32f4xx_ll_usb.o
                0x0000000008005b56                USB_GetMode
 .text.USB_ActivateSetup
                0x0000000008005b72       0x46 ./Drivers/STM32F4xx_HAL_Driver/Src/stm32f4xx_ll_usb.o
                0x0000000008005b72                USB_ActivateSetup
 .text.USB_EP0_OutStart
                0x0000000008005bb8       0xbc ./Drivers/STM32F4xx_HAL_Driver/Src/stm32f4xx_ll_usb.o
                0x0000000008005bb8                USB_EP0_OutStart
 .text.USB_CoreReset
                0x0000000008005c74       0x68 ./Drivers/STM32F4xx_HAL_Driver/Src/stm32f4xx_ll_usb.o
 .text.USBD_CDC_Init
                0x0000000008005cdc      0x1f0 ./Middlewares/ST/STM32_USB_Device_Library/Class/CDC/Src/usbd_cdc.o
 .text.USBD_CDC_DeInit
                0x0000000008005ecc      0x104 ./Middlewares/ST/STM32_USB_Device_Library/Class/CDC/Src/usbd_cdc.o
 .text.USBD_CDC_Setup
                0x0000000008005fd0      0x1b8 ./Middlewares/ST/STM32_USB_Device_Library/Class/CDC/Src/usbd_cdc.o
 .text.USBD_CDC_DataIn
                0x0000000008006188       0xfe ./Middlewares/ST/STM32_USB_Device_Library/Class/CDC/Src/usbd_cdc.o
 .text.USBD_CDC_DataOut
                0x0000000008006286       0x70 ./Middlewares/ST/STM32_USB_Device_Library/Class/CDC/Src/usbd_cdc.o
 .text.USBD_CDC_EP0_RxReady
                0x00000000080062f6       0x76 ./Middlewares/ST/STM32_USB_Device_Library/Class/CDC/Src/usbd_cdc.o
 .text.USBD_CDC_GetFSCfgDesc
                0x000000000800636c       0x70 ./Middlewares/ST/STM32_USB_Device_Library/Class/CDC/Src/usbd_cdc.o
 .text.USBD_CDC_GetHSCfgDesc
                0x00000000080063dc       0x70 ./Middlewares/ST/STM32_USB_Device_Library/Class/CDC/Src/usbd_cdc.o
 .text.USBD_CDC_GetOtherSpeedCfgDesc
                0x000000000800644c       0x70 ./Middlewares/ST/STM32_USB_Device_Library/Class/CDC/Src/usbd_cdc.o
 .text.USBD_CDC_GetDeviceQualifierDescriptor
                0x00000000080064bc       0x20 ./Middlewares/ST/STM32_USB_Device_Library/Class/CDC/Src/usbd_cdc.o
                0x00000000080064bc                USBD_CDC_GetDeviceQualifierDescriptor
 .text.USBD_CDC_RegisterInterface
                0x00000000080064dc       0x34 ./Middlewares/ST/STM32_USB_Device_Library/Class/CDC/Src/usbd_cdc.o
                0x00000000080064dc                USBD_CDC_RegisterInterface
 .text.USBD_CDC_SetTxBuffer
                0x0000000008006510       0x44 ./Middlewares/ST/STM32_USB_Device_Library/Class/CDC/Src/usbd_cdc.o
                0x0000000008006510                USBD_CDC_SetTxBuffer
 .text.USBD_CDC_SetRxBuffer
                0x0000000008006554       0x3a ./Middlewares/ST/STM32_USB_Device_Library/Class/CDC/Src/usbd_cdc.o
                0x0000000008006554                USBD_CDC_SetRxBuffer
 *fill*         0x000000000800658e        0x2 
 .text.USBD_CDC_TransmitPacket
                0x0000000008006590       0x8c ./Middlewares/ST/STM32_USB_Device_Library/Class/CDC/Src/usbd_cdc.o
                0x0000000008006590                USBD_CDC_TransmitPacket
 .text.USBD_CDC_ReceivePacket
                0x000000000800661c       0x6c ./Middlewares/ST/STM32_USB_Device_Library/Class/CDC/Src/usbd_cdc.o
                0x000000000800661c                USBD_CDC_ReceivePacket
 .text.USBD_Init
                0x0000000008006688       0x60 ./Middlewares/ST/STM32_USB_Device_Library/Core/Src/usbd_core.o
                0x0000000008006688                USBD_Init
 .text.USBD_RegisterClass
                0x00000000080066e8       0x6c ./Middlewares/ST/STM32_USB_Device_Library/Core/Src/usbd_core.o
                0x00000000080066e8                USBD_RegisterClass
 .text.USBD_Start
                0x0000000008006754       0x18 ./Middlewares/ST/STM32_USB_Device_Library/Core/Src/usbd_core.o
                0x0000000008006754                USBD_Start
 .text.USBD_RunTestMode
                0x000000000800676c       0x16 ./Middlewares/ST/STM32_USB_Device_Library/Core/Src/usbd_core.o
                0x000000000800676c                USBD_RunTestMode
 .text.USBD_SetClassConfig
                0x0000000008006782       0x38 ./Middlewares/ST/STM32_USB_Device_Library/Core/Src/usbd_core.o
                0x0000000008006782                USBD_SetClassConfig
 .text.USBD_ClrClassConfig
                0x00000000080067ba       0x34 ./Middlewares/ST/STM32_USB_Device_Library/Core/Src/usbd_core.o
                0x00000000080067ba                USBD_ClrClassConfig
 .text.USBD_LL_SetupStage
                0x00000000080067ee       0xaa ./Middlewares/ST/STM32_USB_Device_Library/Core/Src/usbd_core.o
                0x00000000080067ee                USBD_LL_SetupStage
 .text.USBD_LL_DataOutStage
                0x0000000008006898      0x166 ./Middlewares/ST/STM32_USB_Device_Library/Core/Src/usbd_core.o
                0x0000000008006898                USBD_LL_DataOutStage
 .text.USBD_LL_DataInStage
                0x00000000080069fe      0x164 ./Middlewares/ST/STM32_USB_Device_Library/Core/Src/usbd_core.o
                0x00000000080069fe                USBD_LL_DataInStage
 .text.USBD_LL_Reset
                0x0000000008006b62       0xa4 ./Middlewares/ST/STM32_USB_Device_Library/Core/Src/usbd_core.o
                0x0000000008006b62                USBD_LL_Reset
 .text.USBD_LL_SetSpeed
                0x0000000008006c06       0x20 ./Middlewares/ST/STM32_USB_Device_Library/Core/Src/usbd_core.o
                0x0000000008006c06                USBD_LL_SetSpeed
 .text.USBD_LL_Suspend
                0x0000000008006c26       0x2c ./Middlewares/ST/STM32_USB_Device_Library/Core/Src/usbd_core.o
                0x0000000008006c26                USBD_LL_Suspend
 .text.USBD_LL_Resume
                0x0000000008006c52       0x30 ./Middlewares/ST/STM32_USB_Device_Library/Core/Src/usbd_core.o
                0x0000000008006c52                USBD_LL_Resume
 .text.USBD_LL_SOF
                0x0000000008006c82       0x40 ./Middlewares/ST/STM32_USB_Device_Library/Core/Src/usbd_core.o
                0x0000000008006c82                USBD_LL_SOF
 .text.USBD_LL_IsoINIncomplete
                0x0000000008006cc2       0x64 ./Middlewares/ST/STM32_USB_Device_Library/Core/Src/usbd_core.o
                0x0000000008006cc2                USBD_LL_IsoINIncomplete
 .text.USBD_LL_IsoOUTIncomplete
                0x0000000008006d26       0x64 ./Middlewares/ST/STM32_USB_Device_Library/Core/Src/usbd_core.o
                0x0000000008006d26                USBD_LL_IsoOUTIncomplete
 .text.USBD_LL_DevConnected
                0x0000000008006d8a       0x16 ./Middlewares/ST/STM32_USB_Device_Library/Core/Src/usbd_core.o
                0x0000000008006d8a                USBD_LL_DevConnected
 .text.USBD_LL_DevDisconnected
                0x0000000008006da0       0x46 ./Middlewares/ST/STM32_USB_Device_Library/Core/Src/usbd_core.o
                0x0000000008006da0                USBD_LL_DevDisconnected
 .text.USBD_CoreFindIF
                0x0000000008006de6       0x1a ./Middlewares/ST/STM32_USB_Device_Library/Core/Src/usbd_core.o
                0x0000000008006de6                USBD_CoreFindIF
 .text.USBD_CoreFindEP
                0x0000000008006e00       0x1a ./Middlewares/ST/STM32_USB_Device_Library/Core/Src/usbd_core.o
                0x0000000008006e00                USBD_CoreFindEP
 .text.USBD_GetEpDesc
                0x0000000008006e1a       0x74 ./Middlewares/ST/STM32_USB_Device_Library/Core/Src/usbd_core.o
                0x0000000008006e1a                USBD_GetEpDesc
 .text.USBD_GetNextDesc
                0x0000000008006e8e       0x3a ./Middlewares/ST/STM32_USB_Device_Library/Core/Src/usbd_core.o
                0x0000000008006e8e                USBD_GetNextDesc
 .text.SWAPBYTE
                0x0000000008006ec8       0x3c ./Middlewares/ST/STM32_USB_Device_Library/Core/Src/usbd_ctlreq.o
 .text.USBD_StdDevReq
                0x0000000008006f04       0xe4 ./Middlewares/ST/STM32_USB_Device_Library/Core/Src/usbd_ctlreq.o
                0x0000000008006f04                USBD_StdDevReq
 .text.USBD_StdItfReq
                0x0000000008006fe8       0xd8 ./Middlewares/ST/STM32_USB_Device_Library/Core/Src/usbd_ctlreq.o
                0x0000000008006fe8                USBD_StdItfReq
 .text.USBD_StdEPReq
                0x00000000080070c0      0x33a ./Middlewares/ST/STM32_USB_Device_Library/Core/Src/usbd_ctlreq.o
                0x00000000080070c0                USBD_StdEPReq
 *fill*         0x00000000080073fa        0x2 
 .text.USBD_GetDescriptor
                0x00000000080073fc      0x2d4 ./Middlewares/ST/STM32_USB_Device_Library/Core/Src/usbd_ctlreq.o
 .text.USBD_SetAddress
                0x00000000080076d0       0x88 ./Middlewares/ST/STM32_USB_Device_Library/Core/Src/usbd_ctlreq.o
 .text.USBD_SetConfig
                0x0000000008007758      0x154 ./Middlewares/ST/STM32_USB_Device_Library/Core/Src/usbd_ctlreq.o
 .text.USBD_GetConfig
                0x00000000080078ac       0x6c ./Middlewares/ST/STM32_USB_Device_Library/Core/Src/usbd_ctlreq.o
 .text.USBD_GetStatus
                0x0000000008007918       0x68 ./Middlewares/ST/STM32_USB_Device_Library/Core/Src/usbd_ctlreq.o
 .text.USBD_SetFeature
                0x0000000008007980       0x52 ./Middlewares/ST/STM32_USB_Device_Library/Core/Src/usbd_ctlreq.o
 .text.USBD_ClrFeature
                0x00000000080079d2       0x44 ./Middlewares/ST/STM32_USB_Device_Library/Core/Src/usbd_ctlreq.o
 .text.USBD_ParseSetupRequest
                0x0000000008007a16       0x74 ./Middlewares/ST/STM32_USB_Device_Library/Core/Src/usbd_ctlreq.o
                0x0000000008007a16                USBD_ParseSetupRequest
 .text.USBD_CtlError
                0x0000000008007a8a       0x22 ./Middlewares/ST/STM32_USB_Device_Library/Core/Src/usbd_ctlreq.o
                0x0000000008007a8a                USBD_CtlError
 .text.USBD_GetString
                0x0000000008007aac       0x8c ./Middlewares/ST/STM32_USB_Device_Library/Core/Src/usbd_ctlreq.o
                0x0000000008007aac                USBD_GetString
 .text.USBD_GetLen
                0x0000000008007b38       0x34 ./Middlewares/ST/STM32_USB_Device_Library/Core/Src/usbd_ctlreq.o
 .text.USBD_CtlSendData
                0x0000000008007b6c       0x36 ./Middlewares/ST/STM32_USB_Device_Library/Core/Src/usbd_ioreq.o
                0x0000000008007b6c                USBD_CtlSendData
 .text.USBD_CtlContinueSendData
                0x0000000008007ba2       0x22 ./Middlewares/ST/STM32_USB_Device_Library/Core/Src/usbd_ioreq.o
                0x0000000008007ba2                USBD_CtlContinueSendData
 .text.USBD_CtlPrepareRx
                0x0000000008007bc4       0x3a ./Middlewares/ST/STM32_USB_Device_Library/Core/Src/usbd_ioreq.o
                0x0000000008007bc4                USBD_CtlPrepareRx
 .text.USBD_CtlContinueRx
                0x0000000008007bfe       0x22 ./Middlewares/ST/STM32_USB_Device_Library/Core/Src/usbd_ioreq.o
                0x0000000008007bfe                USBD_CtlContinueRx
 .text.USBD_CtlSendStatus
                0x0000000008007c20       0x26 ./Middlewares/ST/STM32_USB_Device_Library/Core/Src/usbd_ioreq.o
                0x0000000008007c20                USBD_CtlSendStatus
 .text.USBD_CtlReceiveStatus
                0x0000000008007c46       0x26 ./Middlewares/ST/STM32_USB_Device_Library/Core/Src/usbd_ioreq.o
                0x0000000008007c46                USBD_CtlReceiveStatus
 .text.__NVIC_SetPriority
                0x0000000008007c6c       0x54 ./Middlewares/Third_Party/FreeRTOS/Source/CMSIS_RTOS_V2/cmsis_os2.o
 .text.SysTick_Handler
                0x0000000008007cc0       0x20 ./Middlewares/Third_Party/FreeRTOS/Source/CMSIS_RTOS_V2/cmsis_os2.o
                0x0000000008007cc0                SysTick_Handler
 .text.SVC_Setup
                0x0000000008007ce0       0x12 ./Middlewares/Third_Party/FreeRTOS/Source/CMSIS_RTOS_V2/cmsis_os2.o
 *fill*         0x0000000008007cf2        0x2 
 .text.osKernelInitialize
                0x0000000008007cf4       0x48 ./Middlewares/Third_Party/FreeRTOS/Source/CMSIS_RTOS_V2/cmsis_os2.o
                0x0000000008007cf4                osKernelInitialize
 .text.osKernelStart
                0x0000000008007d3c       0x4c ./Middlewares/Third_Party/FreeRTOS/Source/CMSIS_RTOS_V2/cmsis_os2.o
                0x0000000008007d3c                osKernelStart
 .text.osThreadNew
                0x0000000008007d88      0x124 ./Middlewares/Third_Party/FreeRTOS/Source/CMSIS_RTOS_V2/cmsis_os2.o
                0x0000000008007d88                osThreadNew
 .text.osDelay  0x0000000008007eac       0x36 ./Middlewares/Third_Party/FreeRTOS/Source/CMSIS_RTOS_V2/cmsis_os2.o
                0x0000000008007eac                osDelay
 *fill*         0x0000000008007ee2        0x2 
 .text.vApplicationGetIdleTaskMemory
                0x0000000008007ee4       0x34 ./Middlewares/Third_Party/FreeRTOS/Source/CMSIS_RTOS_V2/cmsis_os2.o
                0x0000000008007ee4                vApplicationGetIdleTaskMemory
 .text.vApplicationGetTimerTaskMemory
                0x0000000008007f18       0x34 ./Middlewares/Third_Party/FreeRTOS/Source/CMSIS_RTOS_V2/cmsis_os2.o
                0x0000000008007f18                vApplicationGetTimerTaskMemory
 .text.vListInitialise
                0x0000000008007f4c       0x40 ./Middlewares/Third_Party/FreeRTOS/Source/list.o
                0x0000000008007f4c                vListInitialise
 .text.vListInitialiseItem
                0x0000000008007f8c       0x1a ./Middlewares/Third_Party/FreeRTOS/Source/list.o
                0x0000000008007f8c                vListInitialiseItem
 .text.vListInsertEnd
                0x0000000008007fa6       0x48 ./Middlewares/Third_Party/FreeRTOS/Source/list.o
                0x0000000008007fa6                vListInsertEnd
 .text.vListInsert
                0x0000000008007fee       0x72 ./Middlewares/Third_Party/FreeRTOS/Source/list.o
                0x0000000008007fee                vListInsert
 .text.uxListRemove
                0x0000000008008060       0x54 ./Middlewares/Third_Party/FreeRTOS/Source/list.o
                0x0000000008008060                uxListRemove
 .text.xQueueGenericReset
                0x00000000080080b4       0xd0 ./Middlewares/Third_Party/FreeRTOS/Source/queue.o
                0x00000000080080b4                xQueueGenericReset
 .text.xQueueGenericCreateStatic
                0x0000000008008184       0xf0 ./Middlewares/Third_Party/FreeRTOS/Source/queue.o
                0x0000000008008184                xQueueGenericCreateStatic
 .text.prvInitialiseNewQueue
                0x0000000008008274       0x46 ./Middlewares/Third_Party/FreeRTOS/Source/queue.o
 *fill*         0x00000000080082ba        0x2 
 .text.xQueueGenericSend
                0x00000000080082bc      0x1fc ./Middlewares/Third_Party/FreeRTOS/Source/queue.o
                0x00000000080082bc                xQueueGenericSend
 .text.xQueueGenericSendFromISR
                0x00000000080084b8      0x136 ./Middlewares/Third_Party/FreeRTOS/Source/queue.o
                0x00000000080084b8                xQueueGenericSendFromISR
 *fill*         0x00000000080085ee        0x2 
 .text.xQueueReceive
                0x00000000080085f0      0x1c0 ./Middlewares/Third_Party/FreeRTOS/Source/queue.o
                0x00000000080085f0                xQueueReceive
 .text.prvCopyDataToQueue
                0x00000000080087b0       0xd4 ./Middlewares/Third_Party/FreeRTOS/Source/queue.o
 .text.prvCopyDataFromQueue
                0x0000000008008884       0x4c ./Middlewares/Third_Party/FreeRTOS/Source/queue.o
 .text.prvUnlockQueue
                0x00000000080088d0       0xa4 ./Middlewares/Third_Party/FreeRTOS/Source/queue.o
 .text.prvIsQueueEmpty
                0x0000000008008974       0x2c ./Middlewares/Third_Party/FreeRTOS/Source/queue.o
 .text.prvIsQueueFull
                0x00000000080089a0       0x30 ./Middlewares/Third_Party/FreeRTOS/Source/queue.o
 .text.vQueueAddToRegistry
                0x00000000080089d0       0x54 ./Middlewares/Third_Party/FreeRTOS/Source/queue.o
                0x00000000080089d0                vQueueAddToRegistry
 .text.vQueueWaitForMessageRestricted
                0x0000000008008a24       0x68 ./Middlewares/Third_Party/FreeRTOS/Source/queue.o
                0x0000000008008a24                vQueueWaitForMessageRestricted
 .text.xTaskCreateStatic
                0x0000000008008a8c       0xba ./Middlewares/Third_Party/FreeRTOS/Source/tasks.o
                0x0000000008008a8c                xTaskCreateStatic
 .text.xTaskCreate
                0x0000000008008b46       0x8a ./Middlewares/Third_Party/FreeRTOS/Source/tasks.o
                0x0000000008008b46                xTaskCreate
 .text.prvInitialiseNewTask
                0x0000000008008bd0      0x14c ./Middlewares/Third_Party/FreeRTOS/Source/tasks.o
 .text.prvAddNewTaskToReadyList
                0x0000000008008d1c       0xe0 ./Middlewares/Third_Party/FreeRTOS/Source/tasks.o
 .text.vTaskDelay
                0x0000000008008dfc       0x68 ./Middlewares/Third_Party/FreeRTOS/Source/tasks.o
                0x0000000008008dfc                vTaskDelay
 .text.vTaskStartScheduler
                0x0000000008008e64       0xe0 ./Middlewares/Third_Party/FreeRTOS/Source/tasks.o
                0x0000000008008e64                vTaskStartScheduler
 .text.vTaskSuspendAll
                0x0000000008008f44       0x1c ./Middlewares/Third_Party/FreeRTOS/Source/tasks.o
                0x0000000008008f44                vTaskSuspendAll
 .text.xTaskResumeAll
                0x0000000008008f60      0x13c ./Middlewares/Third_Party/FreeRTOS/Source/tasks.o
                0x0000000008008f60                xTaskResumeAll
 .text.xTaskGetTickCount
                0x000000000800909c       0x20 ./Middlewares/Third_Party/FreeRTOS/Source/tasks.o
                0x000000000800909c                xTaskGetTickCount
 .text.xTaskIncrementTick
                0x00000000080090bc      0x174 ./Middlewares/Third_Party/FreeRTOS/Source/tasks.o
                0x00000000080090bc                xTaskIncrementTick
 .text.vTaskSwitchContext
                0x0000000008009230       0xc8 ./Middlewares/Third_Party/FreeRTOS/Source/tasks.o
                0x0000000008009230                vTaskSwitchContext
 .text.vTaskPlaceOnEventList
                0x00000000080092f8       0x48 ./Middlewares/Third_Party/FreeRTOS/Source/tasks.o
                0x00000000080092f8                vTaskPlaceOnEventList
 .text.vTaskPlaceOnEventListRestricted
                0x0000000008009340       0x58 ./Middlewares/Third_Party/FreeRTOS/Source/tasks.o
                0x0000000008009340                vTaskPlaceOnEventListRestricted
 .text.xTaskRemoveFromEventList
                0x0000000008009398       0xc8 ./Middlewares/Third_Party/FreeRTOS/Source/tasks.o
                0x0000000008009398                xTaskRemoveFromEventList
 .text.vTaskInternalSetTimeOutState
                0x0000000008009460       0x2c ./Middlewares/Third_Party/FreeRTOS/Source/tasks.o
                0x0000000008009460                vTaskInternalSetTimeOutState
 .text.xTaskCheckForTimeOut
                0x000000000800948c       0xc4 ./Middlewares/Third_Party/FreeRTOS/Source/tasks.o
                0x000000000800948c                xTaskCheckForTimeOut
 .text.vTaskMissedYield
                0x0000000008009550       0x18 ./Middlewares/Third_Party/FreeRTOS/Source/tasks.o
                0x0000000008009550                vTaskMissedYield
 .text.prvIdleTask
                0x0000000008009568       0x30 ./Middlewares/Third_Party/FreeRTOS/Source/tasks.o
 .text.prvInitialiseTaskLists
                0x0000000008009598       0x80 ./Middlewares/Third_Party/FreeRTOS/Source/tasks.o
 .text.prvCheckTasksWaitingTermination
                0x0000000008009618       0x5c ./Middlewares/Third_Party/FreeRTOS/Source/tasks.o
 .text.prvDeleteTCB
                0x0000000008009674       0x68 ./Middlewares/Third_Party/FreeRTOS/Source/tasks.o
 .text.prvResetNextTaskUnblockTime
                0x00000000080096dc       0x40 ./Middlewares/Third_Party/FreeRTOS/Source/tasks.o
 .text.xTaskGetSchedulerState
                0x000000000800971c       0x3c ./Middlewares/Third_Party/FreeRTOS/Source/tasks.o
                0x000000000800971c                xTaskGetSchedulerState
 .text.xTaskPriorityDisinherit
                0x0000000008009758       0xdc ./Middlewares/Third_Party/FreeRTOS/Source/tasks.o
                0x0000000008009758                xTaskPriorityDisinherit
 .text.prvAddCurrentTaskToDelayedList
                0x0000000008009834       0xa8 ./Middlewares/Third_Party/FreeRTOS/Source/tasks.o
 .text.xTimerCreateTimerTask
                0x00000000080098dc       0x90 ./Middlewares/Third_Party/FreeRTOS/Source/timers.o
                0x00000000080098dc                xTimerCreateTimerTask
 .text.xTimerGenericCommand
                0x000000000800996c       0x9c ./Middlewares/Third_Party/FreeRTOS/Source/timers.o
                0x000000000800996c                xTimerGenericCommand
 .text.prvProcessExpiredTimer
                0x0000000008009a08       0x98 ./Middlewares/Third_Party/FreeRTOS/Source/timers.o
 .text.prvTimerTask
                0x0000000008009aa0       0x24 ./Middlewares/Third_Party/FreeRTOS/Source/timers.o
 .text.prvProcessTimerOrBlockTask
                0x0000000008009ac4       0x9c ./Middlewares/Third_Party/FreeRTOS/Source/timers.o
 .text.prvGetNextExpireTime
                0x0000000008009b60       0x48 ./Middlewares/Third_Party/FreeRTOS/Source/timers.o
 .text.prvSampleTimeNow
                0x0000000008009ba8       0x40 ./Middlewares/Third_Party/FreeRTOS/Source/timers.o
 .text.prvInsertTimerInActiveList
                0x0000000008009be8       0x84 ./Middlewares/Third_Party/FreeRTOS/Source/timers.o
 .text.prvProcessReceivedCommands
                0x0000000008009c6c      0x1c4 ./Middlewares/Third_Party/FreeRTOS/Source/timers.o
 .text.prvSwitchTimerLists
                0x0000000008009e30       0xc8 ./Middlewares/Third_Party/FreeRTOS/Source/timers.o
 .text.prvCheckForValidListAndQueue
                0x0000000008009ef8       0x80 ./Middlewares/Third_Party/FreeRTOS/Source/timers.o
 .text.pxPortInitialiseStack
                0x0000000008009f78       0x68 ./Middlewares/Third_Party/FreeRTOS/Source/portable/GCC/ARM_CM4F/port.o
                0x0000000008009f78                pxPortInitialiseStack
 .text.prvTaskExitError
                0x0000000008009fe0       0x58 ./Middlewares/Third_Party/FreeRTOS/Source/portable/GCC/ARM_CM4F/port.o
 *fill*         0x000000000800a038        0x8 
 .text.SVC_Handler
                0x000000000800a040       0x28 ./Middlewares/Third_Party/FreeRTOS/Source/portable/GCC/ARM_CM4F/port.o
                0x000000000800a040                SVC_Handler
 .text.prvPortStartFirstTask
                0x000000000800a068       0x28 ./Middlewares/Third_Party/FreeRTOS/Source/portable/GCC/ARM_CM4F/port.o
 .text.xPortStartScheduler
                0x000000000800a090      0x144 ./Middlewares/Third_Party/FreeRTOS/Source/portable/GCC/ARM_CM4F/port.o
                0x000000000800a090                xPortStartScheduler
 .text.vPortEnterCritical
                0x000000000800a1d4       0x60 ./Middlewares/Third_Party/FreeRTOS/Source/portable/GCC/ARM_CM4F/port.o
                0x000000000800a1d4                vPortEnterCritical
 .text.vPortExitCritical
                0x000000000800a234       0x54 ./Middlewares/Third_Party/FreeRTOS/Source/portable/GCC/ARM_CM4F/port.o
                0x000000000800a234                vPortExitCritical
 *fill*         0x000000000800a288        0x8 
 .text.PendSV_Handler
                0x000000000800a290       0x68 ./Middlewares/Third_Party/FreeRTOS/Source/portable/GCC/ARM_CM4F/port.o
                0x000000000800a290                PendSV_Handler
 .text.xPortSysTickHandler
                0x000000000800a2f8       0x44 ./Middlewares/Third_Party/FreeRTOS/Source/portable/GCC/ARM_CM4F/port.o
                0x000000000800a2f8                xPortSysTickHandler
 .text.vPortSetupTimerInterrupt
                0x000000000800a33c       0x48 ./Middlewares/Third_Party/FreeRTOS/Source/portable/GCC/ARM_CM4F/port.o
                0x000000000800a33c                vPortSetupTimerInterrupt
 .text.vPortEnableVFP
                0x000000000800a384       0x14 ./Middlewares/Third_Party/FreeRTOS/Source/portable/GCC/ARM_CM4F/port.o
 .text.vPortValidateInterruptPriority
                0x000000000800a398       0x80 ./Middlewares/Third_Party/FreeRTOS/Source/portable/GCC/ARM_CM4F/port.o
                0x000000000800a398                vPortValidateInterruptPriority
 .text.pvPortMalloc
                0x000000000800a418      0x198 ./Middlewares/Third_Party/FreeRTOS/Source/portable/MemMang/heap_4.o
                0x000000000800a418                pvPortMalloc
 .text.vPortFree
                0x000000000800a5b0       0xc4 ./Middlewares/Third_Party/FreeRTOS/Source/portable/MemMang/heap_4.o
                0x000000000800a5b0                vPortFree
 .text.prvHeapInit
                0x000000000800a674       0xc4 ./Middlewares/Third_Party/FreeRTOS/Source/portable/MemMang/heap_4.o
 .text.prvInsertBlockIntoFreeList
                0x000000000800a738       0xb4 ./Middlewares/Third_Party/FreeRTOS/Source/portable/MemMang/heap_4.o
 .text.MX_USB_DEVICE_Init
                0x000000000800a7ec       0x60 ./USB_DEVICE/App/usb_device.o
                0x000000000800a7ec                MX_USB_DEVICE_Init
 .text.CDC_Init_FS
                0x000000000800a84c       0x28 ./USB_DEVICE/App/usbd_cdc_if.o
 .text.CDC_DeInit_FS
                0x000000000800a874       0x10 ./USB_DEVICE/App/usbd_cdc_if.o
 .text.CDC_Control_FS
                0x000000000800a884       0xbc ./USB_DEVICE/App/usbd_cdc_if.o
 .text.CDC_Receive_FS
                0x000000000800a940       0x28 ./USB_DEVICE/App/usbd_cdc_if.o
 .text.CDC_Transmit_FS
                0x000000000800a968       0x4c ./USB_DEVICE/App/usbd_cdc_if.o
                0x000000000800a968                CDC_Transmit_FS
 .text.CDC_TransmitCplt_FS
                0x000000000800a9b4       0x22 ./USB_DEVICE/App/usbd_cdc_if.o
 *fill*         0x000000000800a9d6        0x2 
 .text.USBD_FS_DeviceDescriptor
                0x000000000800a9d8       0x24 ./USB_DEVICE/App/usbd_desc.o
                0x000000000800a9d8                USBD_FS_DeviceDescriptor
 .text.USBD_FS_LangIDStrDescriptor
                0x000000000800a9fc       0x24 ./USB_DEVICE/App/usbd_desc.o
                0x000000000800a9fc                USBD_FS_LangIDStrDescriptor
 .text.USBD_FS_ProductStrDescriptor
                0x000000000800aa20       0x3c ./USB_DEVICE/App/usbd_desc.o
                0x000000000800aa20                USBD_FS_ProductStrDescriptor
 .text.USBD_FS_ManufacturerStrDescriptor
                0x000000000800aa5c       0x28 ./USB_DEVICE/App/usbd_desc.o
                0x000000000800aa5c                USBD_FS_ManufacturerStrDescriptor
 .text.USBD_FS_SerialStrDescriptor
                0x000000000800aa84       0x24 ./USB_DEVICE/App/usbd_desc.o
                0x000000000800aa84                USBD_FS_SerialStrDescriptor
 .text.USBD_FS_ConfigStrDescriptor
                0x000000000800aaa8       0x3c ./USB_DEVICE/App/usbd_desc.o
                0x000000000800aaa8                USBD_FS_ConfigStrDescriptor
 .text.USBD_FS_InterfaceStrDescriptor
                0x000000000800aae4       0x3c ./USB_DEVICE/App/usbd_desc.o
                0x000000000800aae4                USBD_FS_InterfaceStrDescriptor
 .text.Get_SerialNum
                0x000000000800ab20       0x58 ./USB_DEVICE/App/usbd_desc.o
 .text.IntToUnicode
                0x000000000800ab78       0x7e ./USB_DEVICE/App/usbd_desc.o
 *fill*         0x000000000800abf6        0x2 
 .text.HAL_PCD_MspInit
                0x000000000800abf8       0xa8 ./USB_DEVICE/Target/usbd_conf.o
                0x000000000800abf8                HAL_PCD_MspInit
 .text.HAL_PCD_SetupStageCallback
                0x000000000800aca0       0x24 ./USB_DEVICE/Target/usbd_conf.o
                0x000000000800aca0                HAL_PCD_SetupStageCallback
 .text.HAL_PCD_DataOutStageCallback
                0x000000000800acc4       0x36 ./USB_DEVICE/Target/usbd_conf.o
                0x000000000800acc4                HAL_PCD_DataOutStageCallback
 .text.HAL_PCD_DataInStageCallback
                0x000000000800acfa       0x34 ./USB_DEVICE/Target/usbd_conf.o
                0x000000000800acfa                HAL_PCD_DataInStageCallback
 .text.HAL_PCD_SOFCallback
                0x000000000800ad2e       0x1c ./USB_DEVICE/Target/usbd_conf.o
                0x000000000800ad2e                HAL_PCD_SOFCallback
 .text.HAL_PCD_ResetCallback
                0x000000000800ad4a       0x50 ./USB_DEVICE/Target/usbd_conf.o
                0x000000000800ad4a                HAL_PCD_ResetCallback
 *fill*         0x000000000800ad9a        0x2 
 .text.HAL_PCD_SuspendCallback
                0x000000000800ad9c       0x4c ./USB_DEVICE/Target/usbd_conf.o
                0x000000000800ad9c                HAL_PCD_SuspendCallback
 .text.HAL_PCD_ResumeCallback
                0x000000000800ade8       0x1c ./USB_DEVICE/Target/usbd_conf.o
                0x000000000800ade8                HAL_PCD_ResumeCallback
 .text.HAL_PCD_ISOOUTIncompleteCallback
                0x000000000800ae04       0x24 ./USB_DEVICE/Target/usbd_conf.o
                0x000000000800ae04                HAL_PCD_ISOOUTIncompleteCallback
 .text.HAL_PCD_ISOINIncompleteCallback
                0x000000000800ae28       0x24 ./USB_DEVICE/Target/usbd_conf.o
                0x000000000800ae28                HAL_PCD_ISOINIncompleteCallback
 .text.HAL_PCD_ConnectCallback
                0x000000000800ae4c       0x1c ./USB_DEVICE/Target/usbd_conf.o
                0x000000000800ae4c                HAL_PCD_ConnectCallback
 .text.HAL_PCD_DisconnectCallback
                0x000000000800ae68       0x1c ./USB_DEVICE/Target/usbd_conf.o
                0x000000000800ae68                HAL_PCD_DisconnectCallback
 .text.USBD_LL_Init
                0x000000000800ae84       0x98 ./USB_DEVICE/Target/usbd_conf.o
                0x000000000800ae84                USBD_LL_Init
 .text.USBD_LL_Start
                0x000000000800af1c       0x36 ./USB_DEVICE/Target/usbd_conf.o
                0x000000000800af1c                USBD_LL_Start
 .text.USBD_LL_OpenEP
                0x000000000800af52       0x4c ./USB_DEVICE/Target/usbd_conf.o
                0x000000000800af52                USBD_LL_OpenEP
 .text.USBD_LL_CloseEP
                0x000000000800af9e       0x3e ./USB_DEVICE/Target/usbd_conf.o
                0x000000000800af9e                USBD_LL_CloseEP
 .text.USBD_LL_StallEP
                0x000000000800afdc       0x3e ./USB_DEVICE/Target/usbd_conf.o
                0x000000000800afdc                USBD_LL_StallEP
 .text.USBD_LL_ClearStallEP
                0x000000000800b01a       0x3e ./USB_DEVICE/Target/usbd_conf.o
                0x000000000800b01a                USBD_LL_ClearStallEP
 .text.USBD_LL_IsStallEP
                0x000000000800b058       0x58 ./USB_DEVICE/Target/usbd_conf.o
                0x000000000800b058                USBD_LL_IsStallEP
 .text.USBD_LL_SetUSBAddress
                0x000000000800b0b0       0x3e ./USB_DEVICE/Target/usbd_conf.o
                0x000000000800b0b0                USBD_LL_SetUSBAddress
 .text.USBD_LL_Transmit
                0x000000000800b0ee       0x42 ./USB_DEVICE/Target/usbd_conf.o
                0x000000000800b0ee                USBD_LL_Transmit
 .text.USBD_LL_PrepareReceive
                0x000000000800b130       0x42 ./USB_DEVICE/Target/usbd_conf.o
                0x000000000800b130                USBD_LL_PrepareReceive
 .text.USBD_LL_GetRxDataSize
                0x000000000800b172       0x26 ./USB_DEVICE/Target/usbd_conf.o
                0x000000000800b172                USBD_LL_GetRxDataSize
 .text.USBD_static_malloc
                0x000000000800b198       0x1c ./USB_DEVICE/Target/usbd_conf.o
                0x000000000800b198                USBD_static_malloc
 .text.USBD_static_free
                0x000000000800b1b4       0x14 ./USB_DEVICE/Target/usbd_conf.o
                0x000000000800b1b4                USBD_static_free
 .text.USBD_Get_USB_Status
                0x000000000800b1c8       0x58 ./USB_DEVICE/Target/usbd_conf.o
                0x000000000800b1c8                USBD_Get_USB_Status
 .text._ZNSaIcEC2Ev
                0x000000000800b220        0x2 /Applications/STM32CubeIDE.app/Contents/Eclipse/plugins/com.st.stm32cube.ide.mcu.externaltools.gnu-tools-for-stm32.10.3-2021.10.macos64_1.0.0.202111181127/tools/bin/../lib/gcc/arm-none-eabi/10.3.1/../../../../arm-none-eabi/lib/thumb/v7e-m+fp/hard/libstdc++_nano.a(allocator-inst.o)
                0x000000000800b220                std::allocator<char>::allocator()
                0x000000000800b220                std::allocator<char>::allocator()
 .text._ZNSaIcED2Ev
                0x000000000800b222        0x2 /Applications/STM32CubeIDE.app/Contents/Eclipse/plugins/com.st.stm32cube.ide.mcu.externaltools.gnu-tools-for-stm32.10.3-2021.10.macos64_1.0.0.202111181127/tools/bin/../lib/gcc/arm-none-eabi/10.3.1/../../../../arm-none-eabi/lib/thumb/v7e-m+fp/hard/libstdc++_nano.a(allocator-inst.o)
                0x000000000800b222                std::allocator<char>::~allocator()
                0x000000000800b222                std::allocator<char>::~allocator()
 .text._ZNSt11char_traitsIcE4copyEPcPKcj.isra.0
                0x000000000800b224        0x8 /Applications/STM32CubeIDE.app/Contents/Eclipse/plugins/com.st.stm32cube.ide.mcu.externaltools.gnu-tools-for-stm32.10.3-2021.10.macos64_1.0.0.202111181127/tools/bin/../lib/gcc/arm-none-eabi/10.3.1/../../../../arm-none-eabi/lib/thumb/v7e-m+fp/hard/libstdc++_nano.a(string-inst.o)
 .text._ZNSt7__cxx1112basic_stringIcSt11char_traitsIcESaIcEE9_M_createERjj
                0x000000000800b22c       0x44 /Applications/STM32CubeIDE.app/Contents/Eclipse/plugins/com.st.stm32cube.ide.mcu.externaltools.gnu-tools-for-stm32.10.3-2021.10.macos64_1.0.0.202111181127/tools/bin/../lib/gcc/arm-none-eabi/10.3.1/../../../../arm-none-eabi/lib/thumb/v7e-m+fp/hard/libstdc++_nano.a(string-inst.o)
                0x000000000800b22c                std::__cxx11::basic_string<char, std::char_traits<char>, std::allocator<char> >::_M_create(unsigned int&, unsigned int)
 .text._ZNSt7__cxx1112basic_stringIcSt11char_traitsIcESaIcEE10_M_disposeEv
                0x000000000800b270       0x10 /Applications/STM32CubeIDE.app/Contents/Eclipse/plugins/com.st.stm32cube.ide.mcu.externaltools.gnu-tools-for-stm32.10.3-2021.10.macos64_1.0.0.202111181127/tools/bin/../lib/gcc/arm-none-eabi/10.3.1/../../../../arm-none-eabi/lib/thumb/v7e-m+fp/hard/libstdc++_nano.a(string-inst.o)
                0x000000000800b270                std::__cxx11::basic_string<char, std::char_traits<char>, std::allocator<char> >::_M_dispose()
 .text._ZNSt7__cxx1112basic_stringIcSt11char_traitsIcESaIcEE7_S_copyEPcPKcj
                0x000000000800b280       0x18 /Applications/STM32CubeIDE.app/Contents/Eclipse/plugins/com.st.stm32cube.ide.mcu.externaltools.gnu-tools-for-stm32.10.3-2021.10.macos64_1.0.0.202111181127/tools/bin/../lib/gcc/arm-none-eabi/10.3.1/../../../../arm-none-eabi/lib/thumb/v7e-m+fp/hard/libstdc++_nano.a(string-inst.o)
                0x000000000800b280                std::__cxx11::basic_string<char, std::char_traits<char>, std::allocator<char> >::_S_copy(char*, char const*, unsigned int)
 .text._ZNSt7__cxx1112basic_stringIcSt11char_traitsIcESaIcEE9_S_assignEPcjc
                0x000000000800b298       0x22 /Applications/STM32CubeIDE.app/Contents/Eclipse/plugins/com.st.stm32cube.ide.mcu.externaltools.gnu-tools-for-stm32.10.3-2021.10.macos64_1.0.0.202111181127/tools/bin/../lib/gcc/arm-none-eabi/10.3.1/../../../../arm-none-eabi/lib/thumb/v7e-m+fp/hard/libstdc++_nano.a(string-inst.o)
                0x000000000800b298                std::__cxx11::basic_string<char, std::char_traits<char>, std::allocator<char> >::_S_assign(char*, unsigned int, char)
 .text._ZNSt7__cxx1112basic_stringIcSt11char_traitsIcESaIcEE12_M_constructEjc
                0x000000000800b2ba       0x34 /Applications/STM32CubeIDE.app/Contents/Eclipse/plugins/com.st.stm32cube.ide.mcu.externaltools.gnu-tools-for-stm32.10.3-2021.10.macos64_1.0.0.202111181127/tools/bin/../lib/gcc/arm-none-eabi/10.3.1/../../../../arm-none-eabi/lib/thumb/v7e-m+fp/hard/libstdc++_nano.a(string-inst.o)
                0x000000000800b2ba                std::__cxx11::basic_string<char, std::char_traits<char>, std::allocator<char> >::_M_construct(unsigned int, char)
 .text._ZNSt7__cxx1112basic_stringIcSt11char_traitsIcESaIcEE13_S_copy_charsEPcPKcS7_
                0x000000000800b2ee        0xa /Applications/STM32CubeIDE.app/Contents/Eclipse/plugins/com.st.stm32cube.ide.mcu.externaltools.gnu-tools-for-stm32.10.3-2021.10.macos64_1.0.0.202111181127/tools/bin/../lib/gcc/arm-none-eabi/10.3.1/../../../../arm-none-eabi/lib/thumb/v7e-m+fp/hard/libstdc++_nano.a(string-inst.o)
                0x000000000800b2ee                std::__cxx11::basic_string<char, std::char_traits<char>, std::allocator<char> >::_S_copy_chars(char*, char const*, char const*)
 .text._ZNSt7__cxx1112basic_stringIcSt11char_traitsIcESaIcEEC2EjcRKS3_
                0x000000000800b2f8       0x12 /Applications/STM32CubeIDE.app/Contents/Eclipse/plugins/com.st.stm32cube.ide.mcu.externaltools.gnu-tools-for-stm32.10.3-2021.10.macos64_1.0.0.202111181127/tools/bin/../lib/gcc/arm-none-eabi/10.3.1/../../../../arm-none-eabi/lib/thumb/v7e-m+fp/hard/libstdc++_nano.a(string-inst.o)
                0x000000000800b2f8                std::__cxx11::basic_string<char, std::char_traits<char>, std::allocator<char> >::basic_string(unsigned int, char, std::allocator<char> const&)
                0x000000000800b2f8                std::__cxx11::basic_string<char, std::char_traits<char>, std::allocator<char> >::basic_string(unsigned int, char, std::allocator<char> const&)
 .text._ZNSt7__cxx1112basic_stringIcSt11char_traitsIcESaIcEED2Ev
                0x000000000800b30a        0xc /Applications/STM32CubeIDE.app/Contents/Eclipse/plugins/com.st.stm32cube.ide.mcu.externaltools.gnu-tools-for-stm32.10.3-2021.10.macos64_1.0.0.202111181127/tools/bin/../lib/gcc/arm-none-eabi/10.3.1/../../../../arm-none-eabi/lib/thumb/v7e-m+fp/hard/libstdc++_nano.a(string-inst.o)
                0x000000000800b30a                std::__cxx11::basic_string<char, std::char_traits<char>, std::allocator<char> >::~basic_string()
                0x000000000800b30a                std::__cxx11::basic_string<char, std::char_traits<char>, std::allocator<char> >::~basic_string()
 .text._ZNKSt7__cxx1112basic_stringIcSt11char_traitsIcESaIcEE6lengthEv
                0x000000000800b316        0x4 /Applications/STM32CubeIDE.app/Contents/Eclipse/plugins/com.st.stm32cube.ide.mcu.externaltools.gnu-tools-for-stm32.10.3-2021.10.macos64_1.0.0.202111181127/tools/bin/../lib/gcc/arm-none-eabi/10.3.1/../../../../arm-none-eabi/lib/thumb/v7e-m+fp/hard/libstdc++_nano.a(string-inst.o)
                0x000000000800b316                std::__cxx11::basic_string<char, std::char_traits<char>, std::allocator<char> >::length() const
 .text._ZNSt7__cxx1112basic_stringIcSt11char_traitsIcESaIcEEixEj
                0x000000000800b31a        0x6 /Applications/STM32CubeIDE.app/Contents/Eclipse/plugins/com.st.stm32cube.ide.mcu.externaltools.gnu-tools-for-stm32.10.3-2021.10.macos64_1.0.0.202111181127/tools/bin/../lib/gcc/arm-none-eabi/10.3.1/../../../../arm-none-eabi/lib/thumb/v7e-m+fp/hard/libstdc++_nano.a(string-inst.o)
                0x000000000800b31a                std::__cxx11::basic_string<char, std::char_traits<char>, std::allocator<char> >::operator[](unsigned int)
 .text._ZNKSt7__cxx1112basic_stringIcSt11char_traitsIcESaIcEE5c_strEv
                0x000000000800b320        0x4 /Applications/STM32CubeIDE.app/Contents/Eclipse/plugins/com.st.stm32cube.ide.mcu.externaltools.gnu-tools-for-stm32.10.3-2021.10.macos64_1.0.0.202111181127/tools/bin/../lib/gcc/arm-none-eabi/10.3.1/../../../../arm-none-eabi/lib/thumb/v7e-m+fp/hard/libstdc++_nano.a(string-inst.o)
                0x000000000800b320                std::__cxx11::basic_string<char, std::char_traits<char>, std::allocator<char> >::c_str() const
 .text._ZNSt7__cxx1112basic_stringIcSt11char_traitsIcESaIcEE12_M_constructIPKcEEvT_S8_St20forward_iterator_tag
                0x000000000800b324       0x48 /Applications/STM32CubeIDE.app/Contents/Eclipse/plugins/com.st.stm32cube.ide.mcu.externaltools.gnu-tools-for-stm32.10.3-2021.10.macos64_1.0.0.202111181127/tools/bin/../lib/gcc/arm-none-eabi/10.3.1/../../../../arm-none-eabi/lib/thumb/v7e-m+fp/hard/libstdc++_nano.a(string-inst.o)
                0x000000000800b324                void std::__cxx11::basic_string<char, std::char_traits<char>, std::allocator<char> >::_M_construct<char const*>(char const*, char const*, std::forward_iterator_tag)
 .text._ZNSt7__cxx1112basic_stringIcSt11char_traitsIcESaIcEEC2EPKcRKS3_
                0x000000000800b36c       0x2a /Applications/STM32CubeIDE.app/Contents/Eclipse/plugins/com.st.stm32cube.ide.mcu.externaltools.gnu-tools-for-stm32.10.3-2021.10.macos64_1.0.0.202111181127/tools/bin/../lib/gcc/arm-none-eabi/10.3.1/../../../../arm-none-eabi/lib/thumb/v7e-m+fp/hard/libstdc++_nano.a(string-inst.o)
                0x000000000800b36c                std::__cxx11::basic_string<char, std::char_traits<char>, std::allocator<char> >::basic_string(char const*, std::allocator<char> const&)
                0x000000000800b36c                std::__cxx11::basic_string<char, std::char_traits<char>, std::allocator<char> >::basic_string(char const*, std::allocator<char> const&)
 .text._ZdlPv   0x000000000800b396        0x4 /Applications/STM32CubeIDE.app/Contents/Eclipse/plugins/com.st.stm32cube.ide.mcu.externaltools.gnu-tools-for-stm32.10.3-2021.10.macos64_1.0.0.202111181127/tools/bin/../lib/gcc/arm-none-eabi/10.3.1/../../../../arm-none-eabi/lib/thumb/v7e-m+fp/hard/libstdc++_nano.a(del_op.o)
                0x000000000800b396                operator delete(void*)
 .text._Znwj    0x000000000800b39a       0x22 /Applications/STM32CubeIDE.app/Contents/Eclipse/plugins/com.st.stm32cube.ide.mcu.externaltools.gnu-tools-for-stm32.10.3-2021.10.macos64_1.0.0.202111181127/tools/bin/../lib/gcc/arm-none-eabi/10.3.1/../../../../arm-none-eabi/lib/thumb/v7e-m+fp/hard/libstdc++_nano.a(new_op.o)
                0x000000000800b39a                operator new(unsigned int)
 .text.unlikely._ZSt17__throw_bad_allocv
                0x000000000800b3bc        0x6 /Applications/STM32CubeIDE.app/Contents/Eclipse/plugins/com.st.stm32cube.ide.mcu.externaltools.gnu-tools-for-stm32.10.3-2021.10.macos64_1.0.0.202111181127/tools/bin/../lib/gcc/arm-none-eabi/10.3.1/../../../../arm-none-eabi/lib/thumb/v7e-m+fp/hard/libstdc++_nano.a(functexcept.o)
                0x000000000800b3bc                std::__throw_bad_alloc()
 .text.unlikely._ZSt19__throw_logic_errorPKc
                0x000000000800b3c2        0x6 /Applications/STM32CubeIDE.app/Contents/Eclipse/plugins/com.st.stm32cube.ide.mcu.externaltools.gnu-tools-for-stm32.10.3-2021.10.macos64_1.0.0.202111181127/tools/bin/../lib/gcc/arm-none-eabi/10.3.1/../../../../arm-none-eabi/lib/thumb/v7e-m+fp/hard/libstdc++_nano.a(functexcept.o)
                0x000000000800b3c2                std::__throw_logic_error(char const*)
 .text.unlikely._ZSt20__throw_length_errorPKc
                0x000000000800b3c8        0x6 /Applications/STM32CubeIDE.app/Contents/Eclipse/plugins/com.st.stm32cube.ide.mcu.externaltools.gnu-tools-for-stm32.10.3-2021.10.macos64_1.0.0.202111181127/tools/bin/../lib/gcc/arm-none-eabi/10.3.1/../../../../arm-none-eabi/lib/thumb/v7e-m+fp/hard/libstdc++_nano.a(functexcept.o)
                0x000000000800b3c8                std::__throw_length_error(char const*)
 *fill*         0x000000000800b3ce        0x2 
 .text._ZSt15get_new_handlerv
                0x000000000800b3d0       0x10 /Applications/STM32CubeIDE.app/Contents/Eclipse/plugins/com.st.stm32cube.ide.mcu.externaltools.gnu-tools-for-stm32.10.3-2021.10.macos64_1.0.0.202111181127/tools/bin/../lib/gcc/arm-none-eabi/10.3.1/../../../../arm-none-eabi/lib/thumb/v7e-m+fp/hard/libstdc++_nano.a(new_handler.o)
                0x000000000800b3d0                std::get_new_handler()
 .text.abort    0x000000000800b3e0        0xe /Applications/STM32CubeIDE.app/Contents/Eclipse/plugins/com.st.stm32cube.ide.mcu.externaltools.gnu-tools-for-stm32.10.3-2021.10.macos64_1.0.0.202111181127/tools/bin/../lib/gcc/arm-none-eabi/10.3.1/../../../../arm-none-eabi/lib/thumb/v7e-m+fp/hard/libc_nano.a(lib_a-abort.o)
                0x000000000800b3e0                abort
 *fill*         0x000000000800b3ee        0x2 
 .text.__errno  0x000000000800b3f0        0xc /Applications/STM32CubeIDE.app/Contents/Eclipse/plugins/com.st.stm32cube.ide.mcu.externaltools.gnu-tools-for-stm32.10.3-2021.10.macos64_1.0.0.202111181127/tools/bin/../lib/gcc/arm-none-eabi/10.3.1/../../../../arm-none-eabi/lib/thumb/v7e-m+fp/hard/libc_nano.a(lib_a-errno.o)
                0x000000000800b3f0                __errno
 .text.__libc_init_array
                0x000000000800b3fc       0x48 /Applications/STM32CubeIDE.app/Contents/Eclipse/plugins/com.st.stm32cube.ide.mcu.externaltools.gnu-tools-for-stm32.10.3-2021.10.macos64_1.0.0.202111181127/tools/bin/../lib/gcc/arm-none-eabi/10.3.1/../../../../arm-none-eabi/lib/thumb/v7e-m+fp/hard/libc_nano.a(lib_a-init.o)
                0x000000000800b3fc                __libc_init_array
 .text.__retarget_lock_acquire_recursive
                0x000000000800b444        0x2 /Applications/STM32CubeIDE.app/Contents/Eclipse/plugins/com.st.stm32cube.ide.mcu.externaltools.gnu-tools-for-stm32.10.3-2021.10.macos64_1.0.0.202111181127/tools/bin/../lib/gcc/arm-none-eabi/10.3.1/../../../../arm-none-eabi/lib/thumb/v7e-m+fp/hard/libc_nano.a(lib_a-lock.o)
                0x000000000800b444                __retarget_lock_acquire_recursive
 .text.__retarget_lock_release_recursive
                0x000000000800b446        0x2 /Applications/STM32CubeIDE.app/Contents/Eclipse/plugins/com.st.stm32cube.ide.mcu.externaltools.gnu-tools-for-stm32.10.3-2021.10.macos64_1.0.0.202111181127/tools/bin/../lib/gcc/arm-none-eabi/10.3.1/../../../../arm-none-eabi/lib/thumb/v7e-m+fp/hard/libc_nano.a(lib_a-lock.o)
                0x000000000800b446                __retarget_lock_release_recursive
 .text.malloc   0x000000000800b448       0x10 /Applications/STM32CubeIDE.app/Contents/Eclipse/plugins/com.st.stm32cube.ide.mcu.externaltools.gnu-tools-for-stm32.10.3-2021.10.macos64_1.0.0.202111181127/tools/bin/../lib/gcc/arm-none-eabi/10.3.1/../../../../arm-none-eabi/lib/thumb/v7e-m+fp/hard/libc_nano.a(lib_a-malloc.o)
                0x000000000800b448                malloc
 .text.free     0x000000000800b458       0x10 /Applications/STM32CubeIDE.app/Contents/Eclipse/plugins/com.st.stm32cube.ide.mcu.externaltools.gnu-tools-for-stm32.10.3-2021.10.macos64_1.0.0.202111181127/tools/bin/../lib/gcc/arm-none-eabi/10.3.1/../../../../arm-none-eabi/lib/thumb/v7e-m+fp/hard/libc_nano.a(lib_a-malloc.o)
                0x000000000800b458                free
 .text.memcpy   0x000000000800b468       0x1c /Applications/STM32CubeIDE.app/Contents/Eclipse/plugins/com.st.stm32cube.ide.mcu.externaltools.gnu-tools-for-stm32.10.3-2021.10.macos64_1.0.0.202111181127/tools/bin/../lib/gcc/arm-none-eabi/10.3.1/../../../../arm-none-eabi/lib/thumb/v7e-m+fp/hard/libc_nano.a(lib_a-memcpy-stub.o)
                0x000000000800b468                memcpy
 .text.memset   0x000000000800b484       0x10 /Applications/STM32CubeIDE.app/Contents/Eclipse/plugins/com.st.stm32cube.ide.mcu.externaltools.gnu-tools-for-stm32.10.3-2021.10.macos64_1.0.0.202111181127/tools/bin/../lib/gcc/arm-none-eabi/10.3.1/../../../../arm-none-eabi/lib/thumb/v7e-m+fp/hard/libc_nano.a(lib_a-memset.o)
                0x000000000800b484                memset
 .text._free_r  0x000000000800b494       0x98 /Applications/STM32CubeIDE.app/Contents/Eclipse/plugins/com.st.stm32cube.ide.mcu.externaltools.gnu-tools-for-stm32.10.3-2021.10.macos64_1.0.0.202111181127/tools/bin/../lib/gcc/arm-none-eabi/10.3.1/../../../../arm-none-eabi/lib/thumb/v7e-m+fp/hard/libc_nano.a(lib_a-nano-freer.o)
                0x000000000800b494                _free_r
 .text.sbrk_aligned
                0x000000000800b52c       0x40 /Applications/STM32CubeIDE.app/Contents/Eclipse/plugins/com.st.stm32cube.ide.mcu.externaltools.gnu-tools-for-stm32.10.3-2021.10.macos64_1.0.0.202111181127/tools/bin/../lib/gcc/arm-none-eabi/10.3.1/../../../../arm-none-eabi/lib/thumb/v7e-m+fp/hard/libc_nano.a(lib_a-nano-mallocr.o)
 .text._malloc_r
                0x000000000800b56c       0xe8 /Applications/STM32CubeIDE.app/Contents/Eclipse/plugins/com.st.stm32cube.ide.mcu.externaltools.gnu-tools-for-stm32.10.3-2021.10.macos64_1.0.0.202111181127/tools/bin/../lib/gcc/arm-none-eabi/10.3.1/../../../../arm-none-eabi/lib/thumb/v7e-m+fp/hard/libc_nano.a(lib_a-nano-mallocr.o)
                0x000000000800b56c                _malloc_r
 .text.cleanup_glue
                0x000000000800b654       0x1a /Applications/STM32CubeIDE.app/Contents/Eclipse/plugins/com.st.stm32cube.ide.mcu.externaltools.gnu-tools-for-stm32.10.3-2021.10.macos64_1.0.0.202111181127/tools/bin/../lib/gcc/arm-none-eabi/10.3.1/../../../../arm-none-eabi/lib/thumb/v7e-m+fp/hard/libc_nano.a(lib_a-reent.o)
                0x000000000800b654                cleanup_glue
 *fill*         0x000000000800b66e        0x2 
 .text._reclaim_reent
                0x000000000800b670       0xb8 /Applications/STM32CubeIDE.app/Contents/Eclipse/plugins/com.st.stm32cube.ide.mcu.externaltools.gnu-tools-for-stm32.10.3-2021.10.macos64_1.0.0.202111181127/tools/bin/../lib/gcc/arm-none-eabi/10.3.1/../../../../arm-none-eabi/lib/thumb/v7e-m+fp/hard/libc_nano.a(lib_a-reent.o)
                0x000000000800b670                _reclaim_reent
 .text._sbrk_r  0x000000000800b728       0x20 /Applications/STM32CubeIDE.app/Contents/Eclipse/plugins/com.st.stm32cube.ide.mcu.externaltools.gnu-tools-for-stm32.10.3-2021.10.macos64_1.0.0.202111181127/tools/bin/../lib/gcc/arm-none-eabi/10.3.1/../../../../arm-none-eabi/lib/thumb/v7e-m+fp/hard/libc_nano.a(lib_a-sbrkr.o)
                0x000000000800b728                _sbrk_r
 .text._raise_r
                0x000000000800b748       0x50 /Applications/STM32CubeIDE.app/Contents/Eclipse/plugins/com.st.stm32cube.ide.mcu.externaltools.gnu-tools-for-stm32.10.3-2021.10.macos64_1.0.0.202111181127/tools/bin/../lib/gcc/arm-none-eabi/10.3.1/../../../../arm-none-eabi/lib/thumb/v7e-m+fp/hard/libc_nano.a(lib_a-signal.o)
                0x000000000800b748                _raise_r
 .text.raise    0x000000000800b798       0x10 /Applications/STM32CubeIDE.app/Contents/Eclipse/plugins/com.st.stm32cube.ide.mcu.externaltools.gnu-tools-for-stm32.10.3-2021.10.macos64_1.0.0.202111181127/tools/bin/../lib/gcc/arm-none-eabi/10.3.1/../../../../arm-none-eabi/lib/thumb/v7e-m+fp/hard/libc_nano.a(lib_a-signal.o)
                0x000000000800b798                raise
 .text._kill_r  0x000000000800b7a8       0x24 /Applications/STM32CubeIDE.app/Contents/Eclipse/plugins/com.st.stm32cube.ide.mcu.externaltools.gnu-tools-for-stm32.10.3-2021.10.macos64_1.0.0.202111181127/tools/bin/../lib/gcc/arm-none-eabi/10.3.1/../../../../arm-none-eabi/lib/thumb/v7e-m+fp/hard/libc_nano.a(lib_a-signalr.o)
                0x000000000800b7a8                _kill_r
 .text._getpid_r
                0x000000000800b7cc        0x4 /Applications/STM32CubeIDE.app/Contents/Eclipse/plugins/com.st.stm32cube.ide.mcu.externaltools.gnu-tools-for-stm32.10.3-2021.10.macos64_1.0.0.202111181127/tools/bin/../lib/gcc/arm-none-eabi/10.3.1/../../../../arm-none-eabi/lib/thumb/v7e-m+fp/hard/libc_nano.a(lib_a-signalr.o)
                0x000000000800b7cc                _getpid_r
 .text.__malloc_lock
                0x000000000800b7d0        0xc /Applications/STM32CubeIDE.app/Contents/Eclipse/plugins/com.st.stm32cube.ide.mcu.externaltools.gnu-tools-for-stm32.10.3-2021.10.macos64_1.0.0.202111181127/tools/bin/../lib/gcc/arm-none-eabi/10.3.1/../../../../arm-none-eabi/lib/thumb/v7e-m+fp/hard/libc_nano.a(lib_a-mlock.o)
                0x000000000800b7d0                __malloc_lock
 .text.__malloc_unlock
                0x000000000800b7dc        0xc /Applications/STM32CubeIDE.app/Contents/Eclipse/plugins/com.st.stm32cube.ide.mcu.externaltools.gnu-tools-for-stm32.10.3-2021.10.macos64_1.0.0.202111181127/tools/bin/../lib/gcc/arm-none-eabi/10.3.1/../../../../arm-none-eabi/lib/thumb/v7e-m+fp/hard/libc_nano.a(lib_a-mlock.o)
                0x000000000800b7dc                __malloc_unlock
 *(.glue_7)
 .glue_7        0x000000000800b7e8        0x0 linker stubs
 *(.glue_7t)
 .glue_7t       0x000000000800b7e8        0x0 linker stubs
 *(.eh_frame)
 .eh_frame      0x000000000800b7e8        0x0 /Applications/STM32CubeIDE.app/Contents/Eclipse/plugins/com.st.stm32cube.ide.mcu.externaltools.gnu-tools-for-stm32.10.3-2021.10.macos64_1.0.0.202111181127/tools/bin/../lib/gcc/arm-none-eabi/10.3.1/thumb/v7e-m+fp/hard/crtbegin.o
 *(.init)
 .init          0x000000000800b7e8        0x4 /Applications/STM32CubeIDE.app/Contents/Eclipse/plugins/com.st.stm32cube.ide.mcu.externaltools.gnu-tools-for-stm32.10.3-2021.10.macos64_1.0.0.202111181127/tools/bin/../lib/gcc/arm-none-eabi/10.3.1/thumb/v7e-m+fp/hard/crti.o
                0x000000000800b7e8                _init
 .init          0x000000000800b7ec        0x8 /Applications/STM32CubeIDE.app/Contents/Eclipse/plugins/com.st.stm32cube.ide.mcu.externaltools.gnu-tools-for-stm32.10.3-2021.10.macos64_1.0.0.202111181127/tools/bin/../lib/gcc/arm-none-eabi/10.3.1/thumb/v7e-m+fp/hard/crtn.o
 *(.fini)
 .fini          0x000000000800b7f4        0x4 /Applications/STM32CubeIDE.app/Contents/Eclipse/plugins/com.st.stm32cube.ide.mcu.externaltools.gnu-tools-for-stm32.10.3-2021.10.macos64_1.0.0.202111181127/tools/bin/../lib/gcc/arm-none-eabi/10.3.1/thumb/v7e-m+fp/hard/crti.o
                0x000000000800b7f4                _fini
 .fini          0x000000000800b7f8        0x8 /Applications/STM32CubeIDE.app/Contents/Eclipse/plugins/com.st.stm32cube.ide.mcu.externaltools.gnu-tools-for-stm32.10.3-2021.10.macos64_1.0.0.202111181127/tools/bin/../lib/gcc/arm-none-eabi/10.3.1/thumb/v7e-m+fp/hard/crtn.o
                0x000000000800b800                . = ALIGN (0x4)
                0x000000000800b800                _etext = .

.vfp11_veneer   0x000000000800b800        0x0
 .vfp11_veneer  0x000000000800b800        0x0 linker stubs

.v4_bx          0x000000000800b800        0x0
 .v4_bx         0x000000000800b800        0x0 linker stubs

.iplt           0x000000000800b800        0x0
 .iplt          0x000000000800b800        0x0 /Applications/STM32CubeIDE.app/Contents/Eclipse/plugins/com.st.stm32cube.ide.mcu.externaltools.gnu-tools-for-stm32.10.3-2021.10.macos64_1.0.0.202111181127/tools/bin/../lib/gcc/arm-none-eabi/10.3.1/thumb/v7e-m+fp/hard/crtbegin.o

.rodata         0x000000000800b800      0x2dc
                0x000000000800b800                . = ALIGN (0x4)
 *(.rodata)
 .rodata        0x000000000800b800       0x6e ./Core/Src/main.o
 *fill*         0x000000000800b86e        0x2 
 .rodata        0x000000000800b870        0x5 ./Middlewares/Third_Party/FreeRTOS/Source/tasks.o
 *fill*         0x000000000800b875        0x3 
 .rodata        0x000000000800b878        0xd ./Middlewares/Third_Party/FreeRTOS/Source/timers.o
 *fill*         0x000000000800b885        0x3 
 .rodata        0x000000000800b888       0x3a ./USB_DEVICE/App/usbd_desc.o
 *(.rodata*)
 *fill*         0x000000000800b8c2        0x2 
 .rodata._ZL22defaultTask_attributes
                0x000000000800b8c4       0x24 ./Core/Src/main.o
 .rodata._ZL20ledtoggle_attributes
                0x000000000800b8e8       0x24 ./Core/Src/main.o
 .rodata._ZL26usbcomunication_attributes
                0x000000000800b90c       0x24 ./Core/Src/main.o
 .rodata._ZL23gyroreadings_attributes
                0x000000000800b930       0x24 ./Core/Src/main.o
 .rodata._ZZNSt8__detail18__to_chars_10_implIjEEvPcjT_E8__digits
                0x000000000800b954       0xc9 ./Core/Src/main.o
                0x000000000800b954                std::__detail::__to_chars_10_impl<unsigned int>(char*, unsigned int, unsigned int)::__digits
 *fill*         0x000000000800ba1d        0x3 
 .rodata.AHBPrescTable
                0x000000000800ba20       0x10 ./Core/Src/system_stm32f4xx.o
                0x000000000800ba20                AHBPrescTable
 .rodata.APBPrescTable
                0x000000000800ba30        0x8 ./Core/Src/system_stm32f4xx.o
                0x000000000800ba30                APBPrescTable
 .rodata._ZNSt7__cxx1112basic_stringIcSt11char_traitsIcESaIcEE9_M_createERjj.str1.1
                0x000000000800ba38       0x18 /Applications/STM32CubeIDE.app/Contents/Eclipse/plugins/com.st.stm32cube.ide.mcu.externaltools.gnu-tools-for-stm32.10.3-2021.10.macos64_1.0.0.202111181127/tools/bin/../lib/gcc/arm-none-eabi/10.3.1/../../../../arm-none-eabi/lib/thumb/v7e-m+fp/hard/libstdc++_nano.a(string-inst.o)
 .rodata._ZNSt7__cxx1112basic_stringIcSt11char_traitsIcESaIcEE12_M_constructIPcEEvT_S7_St20forward_iterator_tag.str1.1
                0x000000000800ba50       0x2a /Applications/STM32CubeIDE.app/Contents/Eclipse/plugins/com.st.stm32cube.ide.mcu.externaltools.gnu-tools-for-stm32.10.3-2021.10.macos64_1.0.0.202111181127/tools/bin/../lib/gcc/arm-none-eabi/10.3.1/../../../../arm-none-eabi/lib/thumb/v7e-m+fp/hard/libstdc++_nano.a(string-inst.o)
 *fill*         0x000000000800ba7a        0x2 
 .rodata.__sf_fake_stderr
                0x000000000800ba7c       0x20 /Applications/STM32CubeIDE.app/Contents/Eclipse/plugins/com.st.stm32cube.ide.mcu.externaltools.gnu-tools-for-stm32.10.3-2021.10.macos64_1.0.0.202111181127/tools/bin/../lib/gcc/arm-none-eabi/10.3.1/../../../../arm-none-eabi/lib/thumb/v7e-m+fp/hard/libc_nano.a(lib_a-findfp.o)
                0x000000000800ba7c                __sf_fake_stderr
 .rodata.__sf_fake_stdin
                0x000000000800ba9c       0x20 /Applications/STM32CubeIDE.app/Contents/Eclipse/plugins/com.st.stm32cube.ide.mcu.externaltools.gnu-tools-for-stm32.10.3-2021.10.macos64_1.0.0.202111181127/tools/bin/../lib/gcc/arm-none-eabi/10.3.1/../../../../arm-none-eabi/lib/thumb/v7e-m+fp/hard/libc_nano.a(lib_a-findfp.o)
                0x000000000800ba9c                __sf_fake_stdin
 .rodata.__sf_fake_stdout
                0x000000000800babc       0x20 /Applications/STM32CubeIDE.app/Contents/Eclipse/plugins/com.st.stm32cube.ide.mcu.externaltools.gnu-tools-for-stm32.10.3-2021.10.macos64_1.0.0.202111181127/tools/bin/../lib/gcc/arm-none-eabi/10.3.1/../../../../arm-none-eabi/lib/thumb/v7e-m+fp/hard/libc_nano.a(lib_a-findfp.o)
                0x000000000800babc                __sf_fake_stdout
                0x000000000800badc                . = ALIGN (0x4)
